Component: ARM Compiler 5.06 update 6 (build 750) Tool: armlink [4d35ed]

==============================================================================

Section Cross References

    startup_stm32f407xx.o(RESET) refers to startup_stm32f407xx.o(STACK) for __initial_sp
    startup_stm32f407xx.o(RESET) refers to startup_stm32f407xx.o(.text) for Reset_Handler
    startup_stm32f407xx.o(RESET) refers to stm32f4xx_it.o(i.NMI_Handler) for NMI_Handler
    startup_stm32f407xx.o(RESET) refers to stm32f4xx_it.o(i.HardFault_Handler) for HardFault_Handler
    startup_stm32f407xx.o(RESET) refers to stm32f4xx_it.o(i.MemManage_Handler) for MemManage_Handler
    startup_stm32f407xx.o(RESET) refers to stm32f4xx_it.o(i.BusFault_Handler) for BusFault_Handler
    startup_stm32f407xx.o(RESET) refers to stm32f4xx_it.o(i.UsageFault_Handler) for UsageFault_Handler
    startup_stm32f407xx.o(RESET) refers to stm32f4xx_it.o(i.SVC_Handler) for SVC_Handler
    startup_stm32f407xx.o(RESET) refers to stm32f4xx_it.o(i.DebugMon_Handler) for DebugMon_Handler
    startup_stm32f407xx.o(RESET) refers to stm32f4xx_it.o(i.PendSV_Handler) for PendSV_Handler
    startup_stm32f407xx.o(RESET) refers to stm32f4xx_it.o(i.SysTick_Handler) for SysTick_Handler
    startup_stm32f407xx.o(RESET) refers to stm32f4xx_it.o(i.RTC_WKUP_IRQHandler) for RTC_WKUP_IRQHandler
    startup_stm32f407xx.o(RESET) refers to stm32f4xx_it.o(i.EXTI9_5_IRQHandler) for EXTI9_5_IRQHandler
    startup_stm32f407xx.o(RESET) refers to stm32f4xx_it.o(i.TIM3_IRQHandler) for TIM3_IRQHandler
    startup_stm32f407xx.o(RESET) refers to stm32f4xx_it.o(i.USART1_IRQHandler) for USART1_IRQHandler
    startup_stm32f407xx.o(.text) refers to system_stm32f4xx.o(i.SystemInit) for SystemInit
    startup_stm32f407xx.o(.text) refers to entry.o(.ARM.Collect$$$$00000000) for __main
    oled.o(i.Disp_Pic) refers to oled.o(i.Write_4spi_OLED_CMD) for Write_4spi_OLED_CMD
    oled.o(i.Disp_Pic) refers to oled.o(i.Write_4spi_OLED_DATA) for Write_4spi_OLED_DATA
    oled.o(i.Disp_Snow) refers to oled.o(i.Write_4spi_OLED_CMD) for Write_4spi_OLED_CMD
    oled.o(i.Disp_Snow) refers to oled.o(i.Write_4spi_OLED_DATA) for Write_4spi_OLED_DATA
    oled.o(i.OLED_Init) refers to stm32f4xx_hal_gpio.o(i.HAL_GPIO_WritePin) for HAL_GPIO_WritePin
    oled.o(i.OLED_Init) refers to stm32f4xx_hal.o(i.HAL_Delay) for HAL_Delay
    oled.o(i.OLED_Init) refers to oled.o(i.Write_4spi_OLED_CMD) for Write_4spi_OLED_CMD
    oled.o(i.OLED_Init) refers to oled.o(i.Write_4spi_OLED_DATA) for Write_4spi_OLED_DATA
    oled.o(i.OLED_Init) refers to oled.o(i.clealddram) for clealddram
    oled.o(i.OLED_SetPoint) refers to oled.o(i.Write_4spi_OLED_CMD) for Write_4spi_OLED_CMD
    oled.o(i.OLED_SetPoint) refers to oled.o(i.Write_4spi_OLED_DATA) for Write_4spi_OLED_DATA
    oled.o(i.OLED_ShowAscilString) refers to oled.o(i.OLED_Show_Ascil) for OLED_Show_Ascil
    oled.o(i.OLED_ShowGB2312String) refers to oled.o(i.OLED_Show_GB2312) for OLED_Show_GB2312
    oled.o(i.OLED_ShowGB2312String) refers to oled.o(i.OLED_Show_Ascil) for OLED_Show_Ascil
    oled.o(i.OLED_ShowString) refers to oled.o(i.OLED_Show_Char) for OLED_Show_Char
    oled.o(i.OLED_Show_Ascil) refers to gt30l32.o(i.ASCII_8X16) for ASCII_8X16
    oled.o(i.OLED_Show_Ascil) refers to oled.o(i.RowModeToColumMode) for RowModeToColumMode
    oled.o(i.OLED_Show_Ascil) refers to oled.o(i.OLED_SetPoint) for OLED_SetPoint
    oled.o(i.OLED_Show_Ascil) refers to oled.o(i.Write_4spi_OLED_DATA) for Write_4spi_OLED_DATA
    oled.o(i.OLED_Show_Char) refers to oled.o(i.OLED_SetPoint) for OLED_SetPoint
    oled.o(i.OLED_Show_Char) refers to oled.o(i.Write_4spi_OLED_DATA) for Write_4spi_OLED_DATA
    oled.o(i.OLED_Show_Char) refers to oled.o(.constdata) for .constdata
    oled.o(i.OLED_Show_Chinese) refers to oled.o(i.OLED_SetPoint) for OLED_SetPoint
    oled.o(i.OLED_Show_Chinese) refers to oled.o(i.Write_4spi_OLED_DATA) for Write_4spi_OLED_DATA
    oled.o(i.OLED_Show_Chinese) refers to oled.o(.constdata) for .constdata
    oled.o(i.OLED_Show_GB2312) refers to gt30l32.o(i.GB2312_16X16) for GB2312_16X16
    oled.o(i.OLED_Show_GB2312) refers to oled.o(i.RowModeToColumMode) for RowModeToColumMode
    oled.o(i.OLED_Show_GB2312) refers to oled.o(i.OLED_SetPoint) for OLED_SetPoint
    oled.o(i.OLED_Show_GB2312) refers to oled.o(i.Write_4spi_OLED_DATA) for Write_4spi_OLED_DATA
    oled.o(i.RowModeToColumMode) refers to oled.o(i.ChangeOneBlock) for ChangeOneBlock
    oled.o(i.RowModeToColumMode) refers to oled.o(i.ChangeOneHaltBlock) for ChangeOneHaltBlock
    oled.o(i.Write_4spi_OLED_CMD) refers to stm32f4xx_hal_gpio.o(i.HAL_GPIO_WritePin) for HAL_GPIO_WritePin
    oled.o(i.Write_4spi_OLED_CMD) refers to delay.o(i.delay_us) for delay_us
    oled.o(i.Write_4spi_OLED_DATA) refers to stm32f4xx_hal_gpio.o(i.HAL_GPIO_WritePin) for HAL_GPIO_WritePin
    oled.o(i.Write_4spi_OLED_DATA) refers to delay.o(i.delay_us) for delay_us
    oled.o(i.clealddram) refers to oled.o(i.Write_4spi_OLED_CMD) for Write_4spi_OLED_CMD
[...]
    i.HAL_NVIC_EnableIRQ                     0x08001df8   Section        0  stm32f4xx_hal_cortex.o(i.HAL_NVIC_EnableIRQ)
    i.HAL_NVIC_SetPriority                   0x08001e14   Section        0  stm32f4xx_hal_cortex.o(i.HAL_NVIC_SetPriority)
    i.HAL_NVIC_SetPriorityGrouping           0x08001e54   Section        0  stm32f4xx_hal_cortex.o(i.HAL_NVIC_SetPriorityGrouping)
    i.HAL_RCCEx_PeriphCLKConfig              0x08001e78   Section        0  stm32f4xx_hal_rcc_ex.o(i.HAL_RCCEx_PeriphCLKConfig)
    i.HAL_RCC_ClockConfig                    0x08001fb4   Section        0  stm32f4xx_hal_rcc.o(i.HAL_RCC_ClockConfig)
    i.HAL_RCC_GetPCLK1Freq                   0x080020e8   Section        0  stm32f4xx_hal_rcc.o(i.HAL_RCC_GetPCLK1Freq)
    i.HAL_RCC_GetPCLK2Freq                   0x08002108   Section        0  stm32f4xx_hal_rcc.o(i.HAL_RCC_GetPCLK2Freq)
    i.HAL_RCC_GetSysClockFreq                0x08002128   Section        0  stm32f4xx_hal_rcc.o(i.HAL_RCC_GetSysClockFreq)
    i.HAL_RCC_OscConfig                      0x08002188   Section        0  stm32f4xx_hal_rcc.o(i.HAL_RCC_OscConfig)
    i.HAL_RTCEx_SetWakeUpTimer_IT            0x080024f4   Section        0  stm32f4xx_hal_rtc_ex.o(i.HAL_RTCEx_SetWakeUpTimer_IT)
    i.HAL_RTCEx_WakeUpTimerEventCallback     0x080025e8   Section        0  stm32f4xx_hal_rtc_ex.o(i.HAL_RTCEx_WakeUpTimerEventCallback)
    i.HAL_RTCEx_WakeUpTimerIRQHandler        0x080025ec   Section        0  stm32f4xx_hal_rtc_ex.o(i.HAL_RTCEx_WakeUpTimerIRQHandler)
    i.HAL_RTC_GetDate                        0x08002620   Section        0  stm32f4xx_hal_rtc.o(i.HAL_RTC_GetDate)
    i.HAL_RTC_GetTime                        0x08002664   Section        0  stm32f4xx_hal_rtc.o(i.HAL_RTC_GetTime)
    i.HAL_RTC_Init                           0x080026b8   Section        0  stm32f4xx_hal_rtc.o(i.HAL_RTC_Init)
    i.HAL_RTC_MspInit                        0x08002744   Section        0  rtc.o(i.HAL_RTC_MspInit)
    i.HAL_RTC_SetDate                        0x0800278c   Section        0  stm32f4xx_hal_rtc.o(i.HAL_RTC_SetDate)
    i.HAL_RTC_SetTime                        0x08002824   Section        0  stm32f4xx_hal_rtc.o(i.HAL_RTC_SetTime)
    i.HAL_RTC_WaitForSynchro                 0x080028e4   Section        0  stm32f4xx_hal_rtc.o(i.HAL_RTC_WaitForSynchro)
    i.HAL_SPI_Init                           0x0800291a   Section        0  stm32f4xx_hal_spi.o(i.HAL_SPI_Init)
    i.HAL_SPI_MspInit                        0x080029d8   Section        0  spi.o(i.HAL_SPI_MspInit)
    i.HAL_SPI_TransmitReceive                0x08002a44   Section        0  stm32f4xx_hal_spi.o(i.HAL_SPI_TransmitReceive)
    i.HAL_SYSTICK_CLKSourceConfig            0x08002c26   Section        0  stm32f4xx_hal_cortex.o(i.HAL_SYSTICK_CLKSourceConfig)
    i.HAL_SYSTICK_Config                     0x08002c3e   Section        0  stm32f4xx_hal_cortex.o(i.HAL_SYSTICK_Config)
    i.HAL_TIMEx_BreakCallback                0x08002c66   Section        0  stm32f4xx_hal_tim_ex.o(i.HAL_TIMEx_BreakCallback)
    i.HAL_TIMEx_CommutCallback               0x08002c68   Section        0  stm32f4xx_hal_tim_ex.o(i.HAL_TIMEx_CommutCallback)
    i.HAL_TIMEx_ConfigBreakDeadTime          0x08002c6a   Section        0  stm32f4xx_hal_tim_ex.o(i.HAL_TIMEx_ConfigBreakDeadTime)
    i.HAL_TIMEx_MasterConfigSynchronization  0x08002cc0   Section        0  stm32f4xx_hal_tim_ex.o(i.HAL_TIMEx_MasterConfigSynchronization)
    i.HAL_TIM_Base_Init                      0x08002d50   Section        0  stm32f4xx_hal_tim.o(i.HAL_TIM_Base_Init)
    i.HAL_TIM_Base_MspInit                   0x08002dac   Section        0  tim.o(i.HAL_TIM_Base_MspInit)
    i.HAL_TIM_Base_Start_IT                  0x08002e04   Section        0  stm32f4xx_hal_tim.o(i.HAL_TIM_Base_Start_IT)
    i.HAL_TIM_Base_Stop_IT                   0x08002e84   Section        0  stm32f4xx_hal_tim.o(i.HAL_TIM_Base_Stop_IT)
    i.HAL_TIM_ConfigClockSource              0x08002eb4   Section        0  stm32f4xx_hal_tim.o(i.HAL_TIM_ConfigClockSource)
    i.HAL_TIM_IC_CaptureCallback             0x08002f90   Section        0  stm32f4xx_hal_tim.o(i.HAL_TIM_IC_CaptureCallback)
    i.HAL_TIM_IRQHandler                     0x08002f92   Section        0  stm32f4xx_hal_tim.o(i.HAL_TIM_IRQHandler)
    i.HAL_TIM_MspPostInit                    0x080030f8   Section        0  tim.o(i.HAL_TIM_MspPostInit)
    i.HAL_TIM_OC_DelayElapsedCallback        0x0800314c   Section        0  stm32f4xx_hal_tim.o(i.HAL_TIM_OC_DelayElapsedCallback)
    i.HAL_TIM_PWM_ConfigChannel              0x0800314e   Section        0  stm32f4xx_hal_tim.o(i.HAL_TIM_PWM_ConfigChannel)
    i.HAL_TIM_PWM_Init                       0x0800321a   Section        0  stm32f4xx_hal_tim.o(i.HAL_TIM_PWM_Init)
    i.HAL_TIM_PWM_MspInit                    0x08003274   Section        0  stm32f4xx_hal_tim.o(i.HAL_TIM_PWM_MspInit)
    i.HAL_TIM_PWM_PulseFinishedCallback      0x08003276   Section        0  stm32f4xx_hal_tim.o(i.HAL_TIM_PWM_PulseFinishedCallback)
    i.HAL_TIM_PWM_Start                      0x08003278   Section        0  stm32f4xx_hal_tim.o(i.HAL_TIM_PWM_Start)
    i.HAL_TIM_PeriodElapsedCallback          0x08003340   Section        0  stm32f4xx_it.o(i.HAL_TIM_PeriodElapsedCallback)
    i.HAL_TIM_TriggerCallback                0x080033a8   Section        0  stm32f4xx_hal_tim.o(i.HAL_TIM_TriggerCallback)
    i.HAL_UARTEx_RxEventCallback             0x080033aa   Section        0  stm32f4xx_hal_uart.o(i.HAL_UARTEx_RxEventCallback)
    i.HAL_UART_ErrorCallback                 0x080033ac   Section        0  stm32f4xx_hal_uart.o(i.HAL_UART_ErrorCallback)
    i.HAL_UART_GetState                      0x080033ae   Section        0  stm32f4xx_hal_uart.o(i.HAL_UART_GetState)
    i.HAL_UART_IRQHandler                    0x080033b8   Section        0  stm32f4xx_hal_uart.o(i.HAL_UART_IRQHandler)
    i.HAL_UART_Init                          0x08003620   Section        0  stm32f4xx_hal_uart.o(i.HAL_UART_Init)
    i.HAL_UART_MspInit                       0x08003684   Section        0  usart.o(i.HAL_UART_MspInit)
    i.HAL_UART_Receive_IT                    0x08003700   Section        0  stm32f4xx_hal_uart.o(i.HAL_UART_Receive_IT)
    i.HAL_UART_RxCpltCallback                0x0800372c   Section        0  stm32f4xx_it.o(i.HAL_UART_RxCpltCallback)
    i.HAL_UART_TxCpltCallback                0x08003784   Section        0  stm32f4xx_hal_uart.o(i.HAL_UART_TxCpltCallback)
    i.HardFault_Handler                      0x08003786   Section        0  stm32f4xx_it.o(i.HardFault_Handler)
    i.I2C_IsAcknowledgeFailed                0x08003788   Section        0  stm32f4xx_hal_i2c.o(i.I2C_IsAcknowledgeFailed)
    I2C_IsAcknowledgeFailed                  0x08003789   Thumb Code    46  stm32f4xx_hal_i2c.o(i.I2C_IsAcknowledgeFailed)
    i.I2C_MasterRequestRead                  0x080037b8   Section        0  stm32f4xx_hal_i2c.o(i.I2C_MasterRequestRead)
    I2C_MasterRequestRead                    0x080037b9   Thumb Code   230  stm32f4xx_hal_i2c.o(i.I2C_MasterRequestRead)
    i.I2C_MasterRequestWrite                 0x080038a4   Section        0  stm32f4xx_hal_i2c.o(i.I2C_MasterRequestWrite)
    I2C_MasterRequestWrite                   0x080038a5   Thumb Code   150  stm32f4xx_hal_i2c.o(i.I2C_MasterRequestWrite)
    i.I2C_WaitOnBTFFlagUntilTimeout          0x08003940   Section        0  stm32f4xx_hal_i2c.o(i.I2C_WaitOnBTFFlagUntilTimeout)
    I2C_WaitOnBTFFlagUntilTimeout            0x08003941   Thumb Code    76  stm32f4xx_hal_i2c.o(i.I2C_WaitOnBTFFlagUntilTimeout)
    i.I2C_WaitOnFlagUntilTimeout             0x0800398c   Section        0  stm32f4xx_hal_i2c.o(i.I2C_WaitOnFlagUntilTimeout)
    I2C_WaitOnFlagUntilTimeout               0x0800398d   Thumb Code   104  stm32f4xx_hal_i2c.o(i.I2C_WaitOnFlagUntilTimeout)
    i.I2C_WaitOnMasterAddressFlagUntilTimeout 0x080039f4   Section        0  stm32f4xx_hal_i2c.o(i.I2C_WaitOnMasterAddressFlagUntilTimeout)
    I2C_WaitOnMasterAddressFlagUntilTimeout  0x080039f5   Thumb Code   150  stm32f4xx_hal_i2c.o(i.I2C_WaitOnMasterAddressFlagUntilTimeout)
    i.I2C_WaitOnRXNEFlagUntilTimeout         0x08003a8a   Section        0  stm32f4xx_hal_i2c.o(i.I2C_WaitOnRXNEFlagUntilTimeout)
    I2C_WaitOnRXNEFlagUntilTimeout           0x08003a8b   Thumb Code   102  stm32f4xx_hal_i2c.o(i.I2C_WaitOnRXNEFlagUntilTimeout)
    i.I2C_WaitOnTXEFlagUntilTimeout          0x08003af0   Section        0  stm32f4xx_hal_i2c.o(i.I2C_WaitOnTXEFlagUntilTimeout)
    I2C_WaitOnTXEFlagUntilTimeout            0x08003af1   Thumb Code    76  stm32f4xx_hal_i2c.o(i.I2C_WaitOnTXEFlagUntilTimeout)
    i.KEY_Scan                               0x08003b3c   Section        0  key.o(i.KEY_Scan)
    i.Laser_Menu                             0x08003cd8   Section        0  menu.o(i.Laser_Menu)
    i.MX_ADC1_Init                           0x08003d24   Section        0  adc.o(i.MX_ADC1_Init)
    i.MX_GPIO_Init                           0x08003d9c   Section        0  gpio.o(i.MX_GPIO_Init)
    i.MX_I2C1_Init                           0x08003ef4   Section        0  i2c.o(i.MX_I2C1_Init)
    i.MX_I2C3_Init                           0x08003f34   Section        0  i2c.o(i.MX_I2C3_Init)
    i.MX_RTC_Init                            0x08003f74   Section        0  rtc.o(i.MX_RTC_Init)
    i.MX_SPI3_Init                           0x08004004   Section        0  spi.o(i.MX_SPI3_Init)
    i.MX_TIM1_Init                           0x0800404c   Section        0  tim.o(i.MX_TIM1_Init)
    i.MX_TIM3_Init                           0x08004118   Section        0  tim.o(i.MX_TIM3_Init)
    i.MX_USART1_UART_Init                    0x0800417c   Section        0  usart.o(i.MX_USART1_UART_Init)
    i.MeaValue_Menu                          0x080041b4   Section        0  menu.o(i.MeaValue_Menu)
    i.MemManage_Handler                      0x08004334   Section        0  stm32f4xx_it.o(i.MemManage_Handler)
    i.NMI_Handler                            0x08004336   Section        0  stm32f4xx_it.o(i.NMI_Handler)
    i.OLED_Init                              0x08004338   Section        0  oled.o(i.OLED_Init)
    i.OLED_SetPoint                          0x080044ac   Section        0  oled.o(i.OLED_SetPoint)
    i.OLED_ShowAscilString                   0x080044e4   Section        0  oled.o(i.OLED_ShowAscilString)
    i.OLED_ShowGB2312String                  0x08004514   Section        0  oled.o(i.OLED_ShowGB2312String)
    i.OLED_Show_Ascil                        0x08004564   Section        0  oled.o(i.OLED_Show_Ascil)
    i.OLED_Show_GB2312                       0x080045bc   Section        0  oled.o(i.OLED_Show_GB2312)
    i.PID_init                               0x08004614   Section        0  pid.o(i.PID_init)
    i.PendSV_Handler                         0x08004658   Section        0  stm32f4xx_it.o(i.PendSV_Handler)
    i.PumpSpeed_Menu                         0x0800465c   Section        0  menu.o(i.PumpSpeed_Menu)
    i.RTC_Bcd2ToByte                         0x08004708   Section        0  stm32f4xx_hal_rtc.o(i.RTC_Bcd2ToByte)
    i.RTC_ByteToBcd2                         0x0800471a   Section        0  stm32f4xx_hal_rtc.o(i.RTC_ByteToBcd2)
    i.RTC_EnterInitMode                      0x08004734   Section        0  stm32f4xx_hal_rtc.o(i.RTC_EnterInitMode)
    i.RTC_ExitInitMode                       0x0800477c   Section        0  stm32f4xx_hal_rtc.o(i.RTC_ExitInitMode)
    i.RTC_WKUP_IRQHandler                    0x080047a8   Section        0  stm32f4xx_it.o(i.RTC_WKUP_IRQHandler)
    i.RowModeToColumMode                     0x080047b4   Section        0  oled.o(i.RowModeToColumMode)
    i.SHT30_Dat_To_Float                     0x08004884   Section        0  sht30_i2c_drv.o(i.SHT30_Dat_To_Float)
    i.SHT30_Read_Dat                         0x08004900   Section        0  sht30_i2c_drv.o(i.SHT30_Read_Dat)
    i.SHT30_Send_Cmd                         0x08004924   Section        0  sht30_i2c_drv.o(i.SHT30_Send_Cmd)
    SHT30_Send_Cmd                           0x08004925   Thumb Code    38  sht30_i2c_drv.o(i.SHT30_Send_Cmd)
    i.SPI3_ReadWriteByte                     0x08004950   Section        0  gt30l32.o(i.SPI3_ReadWriteByte)
    i.SPI_EndRxTxTransaction                 0x08004970   Section        0  stm32f4xx_hal_spi.o(i.SPI_EndRxTxTransaction)
    SPI_EndRxTxTransaction                   0x08004971   Thumb Code    80  stm32f4xx_hal_spi.o(i.SPI_EndRxTxTransaction)
    i.SPI_WaitFlagStateUntilTimeout          0x080049c8   Section        0  stm32f4xx_hal_spi.o(i.SPI_WaitFlagStateUntilTimeout)
    SPI_WaitFlagStateUntilTimeout            0x080049c9   Thumb Code   180  stm32f4xx_hal_spi.o(i.SPI_WaitFlagStateUntilTimeout)
    i.SVC_Handler                            0x08004a80   Section        0  stm32f4xx_it.o(i.SVC_Handler)
    i.SaveTime_Menu                          0x08004a84   Section        0  menu.o(i.SaveTime_Menu)
    i.State_Menu                             0x08004b14   Section        0  menu.o(i.State_Menu)
    i.SysState_Menu                          0x08004c70   Section        0  menu.o(i.SysState_Menu)
    i.SysTick_Handler                        0x08004e40   Section        0  stm32f4xx_it.o(i.SysTick_Handler)
    i.SystemClock_Config                     0x08004e44   Section        0  main.o(i.SystemClock_Config)
    i.SystemInit                             0x08004edc   Section        0  system_stm32f4xx.o(i.SystemInit)
    i.TIM3_IRQHandler                        0x08004eec   Section        0  stm32f4xx_it.o(i.TIM3_IRQHandler)
    i.TIM_Base_SetConfig                     0x08004ef8   Section        0  stm32f4xx_hal_tim.o(i.TIM_Base_SetConfig)
    i.TIM_CCxChannelCmd                      0x08004fc0   Section        0  stm32f4xx_hal_tim.o(i.TIM_CCxChannelCmd)
    i.TIM_ETR_SetConfig                      0x08004fda   Section        0  stm32f4xx_hal_tim.o(i.TIM_ETR_SetConfig)
    i.TIM_ITRx_SetConfig                     0x08004fee   Section        0  stm32f4xx_hal_tim.o(i.TIM_ITRx_SetConfig)
    TIM_ITRx_SetConfig                       0x08004fef   Thumb Code    16  stm32f4xx_hal_tim.o(i.TIM_ITRx_SetConfig)
    i.TIM_OC1_SetConfig                      0x08005000   Section        0  stm32f4xx_hal_tim.o(i.TIM_OC1_SetConfig)
    TIM_OC1_SetConfig                        0x08005001   Thumb Code    88  stm32f4xx_hal_tim.o(i.TIM_OC1_SetConfig)
    i.TIM_OC2_SetConfig                      0x08005060   Section        0  stm32f4xx_hal_tim.o(i.TIM_OC2_SetConfig)
    i.TIM_OC3_SetConfig                      0x080050cc   Section        0  stm32f4xx_hal_tim.o(i.TIM_OC3_SetConfig)
    TIM_OC3_SetConfig                        0x080050cd   Thumb Code    96  stm32f4xx_hal_tim.o(i.TIM_OC3_SetConfig)
    i.TIM_OC4_SetConfig                      0x08005134   Section        0  stm32f4xx_hal_tim.o(i.TIM_OC4_SetConfig)
    TIM_OC4_SetConfig                        0x08005135   Thumb Code    70  stm32f4xx_hal_tim.o(i.TIM_OC4_SetConfig)
    i.TIM_TI1_ConfigInputStage               0x08005184   Section        0  stm32f4xx_hal_tim.o(i.TIM_TI1_ConfigInputStage)
    TIM_TI1_ConfigInputStage                 0x08005185   Thumb Code    34  stm32f4xx_hal_tim.o(i.TIM_TI1_ConfigInputStage)
    i.TIM_TI2_ConfigInputStage               0x080051a6   Section        0  stm32f4xx_hal_tim.o(i.TIM_TI2_ConfigInputStage)
    TIM_TI2_ConfigInputStage                 0x080051a7   Thumb Code    36  stm32f4xx_hal_tim.o(i.TIM_TI2_ConfigInputStage)
    i.TimeSet_Menu                           0x080051cc   Section        0  menu.o(i.TimeSet_Menu)
    i.UART_DMAAbortOnError                   0x080053b8   Section        0  stm32f4xx_hal_uart.o(i.UART_DMAAbortOnError)
    UART_DMAAbortOnError                     0x080053b9   Thumb Code    16  stm32f4xx_hal_uart.o(i.UART_DMAAbortOnError)
    i.UART_EndRxTransfer                     0x080053c8   Section        0  stm32f4xx_hal_uart.o(i.UART_EndRxTransfer)
    UART_EndRxTransfer                       0x080053c9   Thumb Code    78  stm32f4xx_hal_uart.o(i.UART_EndRxTransfer)
    i.UART_Receive_IT                        0x08005416   Section        0  stm32f4xx_hal_uart.o(i.UART_Receive_IT)
    UART_Receive_IT                          0x08005417   Thumb Code   192  stm32f4xx_hal_uart.o(i.UART_Receive_IT)
    i.UART_SetConfig                         0x080054d8   Section        0  stm32f4xx_hal_uart.o(i.UART_SetConfig)
    UART_SetConfig                           0x080054d9   Thumb Code   258  stm32f4xx_hal_uart.o(i.UART_SetConfig)
    i.UART_Start_Receive_IT                  0x080055e4   Section        0  stm32f4xx_hal_uart.o(i.UART_Start_Receive_IT)
    i.USART1_IRQHandler                      0x08005620   Section        0  stm32f4xx_it.o(i.USART1_IRQHandler)
    i.USARTBufferToD_data                    0x08005664   Section        0  menu.o(i.USARTBufferToD_data)
    i.UsageFault_Handler                     0x08005704   Section        0  stm32f4xx_it.o(i.UsageFault_Handler)
    i.User_Menu                              0x08005708   Section        0  menu.o(i.User_Menu)
    i.WarnningSet_Menu                       0x0800588c   Section        0  menu.o(i.WarnningSet_Menu)
    i.Write_4spi_OLED_CMD                    0x08005a10   Section        0  oled.o(i.Write_4spi_OLED_CMD)
    i.Write_4spi_OLED_DATA                   0x08005a94   Section        0  oled.o(i.Write_4spi_OLED_DATA)
    i.__0sprintf                             0x08005b18   Section        0  printfa.o(i.__0sprintf)
    i.__NVIC_SetPriority                     0x08005b40   Section        0  stm32f4xx_hal_cortex.o(i.__NVIC_SetPriority)
    __NVIC_SetPriority                       0x08005b41   Thumb Code    32  stm32f4xx_hal_cortex.o(i.__NVIC_SetPriority)
    i.__scatterload_copy                     0x08005b60   Section       14  handlers.o(i.__scatterload_copy)
    i.__scatterload_null                     0x08005b6e   Section        2  handlers.o(i.__scatterload_null)
    i.__scatterload_zeroinit                 0x08005b70   Section       14  handlers.o(i.__scatterload_zeroinit)
    i._fp_digits                             0x08005b80   Section        0  printfa.o(i._fp_digits)
    _fp_digits                               0x08005b81   Thumb Code   366  printfa.o(i._fp_digits)
    i._printf_core                           0x08005d04   Section        0  printfa.o(i._printf_core)
    _printf_core                             0x08005d05   Thumb Code  1744  printfa.o(i._printf_core)
    i._printf_post_padding                   0x080063e0   Section        0  printfa.o(i._printf_post_padding)
    _printf_post_padding                     0x080063e1   Thumb Code    36  printfa.o(i._printf_post_padding)
    i._printf_pre_padding                    0x08006404   Section        0  printfa.o(i._printf_pre_padding)
    _printf_pre_padding                      0x08006405   Thumb Code    46  printfa.o(i._printf_pre_padding)
    i._sputc                                 0x08006432   Section        0  printfa.o(i._sputc)
    _sputc                                   0x08006433   Thumb Code    10  printfa.o(i._sputc)
    i.clealddram                             0x0800643c   Section        0  oled.o(i.clealddram)
    i.delay_init                             0x08006488   Section        0  delay.o(i.delay_init)
    i.delay_ms                               0x0800649c   Section        0  delay.o(i.delay_ms)
    i.delay_us                               0x080064b8   Section        0  delay.o(i.delay_us)
    i.main                                   0x080064ec   Section        0  main.o(i.main)
    i.menu_run                               0x0800658c   Section        0  menu.o(i.menu_run)
    .constdata                               0x08006708   Section       16  system_stm32f4xx.o(.constdata)
    .constdata                               0x08006718   Section        8  system_stm32f4xx.o(.constdata)
    .data                                    0x20000000   Section        4  delay.o(.data)
    fac_us                                   0x20000000   Data           4  delay.o(.data)
    .data                                    0x20000004   Section        1  key.o(.data)
    key_up                                   0x20000004   Data           1  key.o(.data)
    .data                                    0x20000006   Section       26  menu.o(.data)
    menu_x                                   0x20000008   Data           1  menu.o(.data)
    menu_y                                   0x20000009   Data           1  menu.o(.data)
    menu_x                                   0x2000000a   Data           1  menu.o(.data)
    menu_y                                   0x2000000b   Data           1  menu.o(.data)
    menu_x                                   0x2000000c   Data           1  menu.o(.data)
    menu_y                                   0x2000000d   Data           1  menu.o(.data)
    menu_x                                   0x2000000e   Data           1  menu.o(.data)
    menu_y                                   0x2000000f   Data           1  menu.o(.data)
    menu_x                                   0x20000010   Data           1  menu.o(.data)
    menu_y                                   0x20000011   Data           1  menu.o(.data)
    menu_x                                   0x20000012   Data           1  menu.o(.data)
    menu_y                                   0x20000013   Data           1  menu.o(.data)
    main_x                                   0x20000014   Data           1  menu.o(.data)
    main_y                                   0x20000015   Data           1  menu.o(.data)
    .data                                    0x20000020   Section        8  stm32f4xx_it.o(.data)
    .data                                    0x20000028   Section       12  stm32f4xx_hal.o(.data)
    .data                                    0x20000034   Section        4  system_stm32f4xx.o(.data)
    .bss                                     0x20000038   Section       32  menu.o(.bss)
    .bss                                     0x20000058   Section       36  pid.o(.bss)
    .bss                                     0x2000007c   Section       72  adc.o(.bss)
    .bss                                     0x200000c4   Section      168  i2c.o(.bss)
    .bss                                     0x2000016c   Section       32  rtc.o(.bss)
    .bss                                     0x2000018c   Section       88  spi.o(.bss)
    .bss                                     0x200001e4   Section      144  tim.o(.bss)
    .bss                                     0x20000274   Section       68  usart.o(.bss)
    .bss                                     0x200002b8   Section      200  stm32f4xx_it.o(.bss)
    STACK                                    0x20000380   Section     1024  startup_stm32f407xx.o(STACK)

    Global Symbols

    Symbol Name                              Value     Ov Type        Size  Object(Section)

    BuildAttributes$$THM_ISAv4$E$P$D$K$B$S$7EM$VFPi3$EXTD16$VFPS$VFMA$PE$A:L22UL41UL21$X:L11$S22US41US21$IEEE1$IW$USESV6$~STKCKD$USESV7$~SHL$OTIME$ROPI$EBA8$MICROLIB$REQ8$PRES8$EABIv2 0x00000000   Number         0  anon$$obj.o ABSOLUTE
    __ARM_use_no_argv                        0x00000000   Number         0  main.o ABSOLUTE
    __use_no_errno                           0x00000000   Number         0  useno.o ABSOLUTE
    __use_no_exception_handling              0x00000000   Number         0  useno.o ABSOLUTE
    __use_no_fp                              0x00000000   Number         0  useno.o ABSOLUTE
    __use_no_heap                            0x00000000   Number         0  useno.o ABSOLUTE
    __use_no_heap_region                     0x00000000   Number         0  useno.o ABSOLUTE
    __use_no_semihosting                     0x00000000   Number         0  useno.o ABSOLUTE
    __use_no_semihosting_swi                 0x00000000   Number         0  useno.o ABSOLUTE
    __use_no_signal_handling                 0x00000000   Number         0  useno.o ABSOLUTE
    _printf_a                                0x00000000   Number         0  stubs.o ABSOLUTE
    _printf_c                                0x00000000   Number         0  stubs.o ABSOLUTE
    _printf_charcount                        0x00000000   Number         0  stubs.o ABSOLUTE
    _printf_d                                0x00000000   Number         0  stubs.o ABSOLUTE
    _printf_e                                0x00000000   Number         0  stubs.o ABSOLUTE
    _printf_f                                0x00000000   Number         0  stubs.o ABSOLUTE
    _printf_flags                            0x00000000   Number         0  stubs.o ABSOLUTE
    _printf_fp_dec                           0x00000000   Number         0  stubs.o ABSOLUTE
    _printf_fp_hex                           0x00000000   Number         0  stubs.o ABSOLUTE
    _printf_g                                0x00000000   Number         0  stubs.o ABSOLUTE
    _printf_i                                0x00000000   Number         0  stubs.o ABSOLUTE
    _printf_int_dec                          0x00000000   Number         0  stubs.o ABSOLUTE
    _printf_l                                0x00000000   Number         0  stubs.o ABSOLUTE
    _printf_lc                               0x00000000   Number         0  stubs.o ABSOLUTE
    _printf_ll                               0x00000000   Number         0  stubs.o ABSOLUTE
    _printf_lld                              0x00000000   Number         0  stubs.o ABSOLUTE
    _printf_lli                              0x00000000   Number         0  stubs.o ABSOLUTE
    _printf_llo                              0x00000000   Number         0  stubs.o ABSOLUTE
    _printf_llu                              0x00000000   Number         0  stubs.o ABSOLUTE
    _printf_llx                              0x00000000   Number         0  stubs.o ABSOLUTE
    _printf_longlong_dec                     0x00000000   Number         0  stubs.o ABSOLUTE
    _printf_longlong_hex                     0x00000000   Number         0  stubs.o ABSOLUTE
    _printf_longlong_oct                     0x00000000   Number         0  stubs.o ABSOLUTE
    _printf_ls                               0x00000000   Number         0  stubs.o ABSOLUTE
    _printf_mbtowc                           0x00000000   Number         0  stubs.o ABSOLUTE
    _printf_n                                0x00000000   Number         0  stubs.o ABSOLUTE
    _printf_o                                0x00000000   Number         0  stubs.o ABSOLUTE
    _printf_p                                0x00000000   Number         0  stubs.o ABSOLUTE
    _printf_percent                          0x00000000   Number         0  stubs.o ABSOLUTE
    _printf_pre_padding                      0x00000000   Number         0  stubs.o ABSOLUTE
    _printf_return_value                     0x00000000   Number         0  stubs.o ABSOLUTE
    _printf_s                                0x00000000   Number         0  stubs.o ABSOLUTE
    _printf_sizespec                         0x00000000   Number         0  stubs.o ABSOLUTE
    _printf_str                              0x00000000   Number         0  stubs.o ABSOLUTE
    _printf_truncate_signed                  0x00000000   Number         0  stubs.o ABSOLUTE
    _printf_truncate_unsigned                0x00000000   Number         0  stubs.o ABSOLUTE
    _printf_u                                0x00000000   Number         0  stubs.o ABSOLUTE
    _printf_wc                               0x00000000   Number         0  stubs.o ABSOLUTE
    _printf_wctomb                           0x00000000   Number         0  stubs.o ABSOLUTE
    _printf_widthprec                        0x00000000   Number         0  stubs.o ABSOLUTE
    _printf_x                                0x00000000   Number         0  stubs.o ABSOLUTE
    __cpp_initialize__aeabi_                  - Undefined Weak Reference
    __cxa_finalize                            - Undefined Weak Reference
    __decompress                              - Undefined Weak Reference
    _clock_init                               - Undefined Weak Reference
    _microlib_exit                            - Undefined Weak Reference
    __Vectors_Size                           0x00000188   Number         0  startup_stm32f407xx.o ABSOLUTE
    __Vectors                                0x08000000   Data           4  startup_stm32f407xx.o(RESET)
    __Vectors_End                            0x08000188   Data           0  startup_stm32f407xx.o(RESET)
    __main                                   0x08000189   Thumb Code     0  entry.o(.ARM.Collect$$$$00000000)
    _main_stk                                0x08000189   Thumb Code     0  entry2.o(.ARM.Collect$$$$00000001)
    _main_scatterload                        0x0800018d   Thumb Code     0  entry5.o(.ARM.Collect$$$$00000004)
    __main_after_scatterload                 0x08000191   Thumb Code     0  entry5.o(.ARM.Collect$$$$00000004)
    _main_clock                              0x08000191   Thumb Code     0  entry7b.o(.ARM.Collect$$$$00000008)
    _main_cpp_init                           0x08000191   Thumb Code     0  entry8b.o(.ARM.Collect$$$$0000000A)
    _main_init                               0x08000191   Thumb Code     0  entry9a.o(.ARM.Collect$$$$0000000B)
    __rt_final_cpp                           0x08000199   Thumb Code     0  entry10a.o(.ARM.Collect$$$$0000000D)
    __rt_final_exit                          0x08000199   Thumb Code     0  entry11a.o(.ARM.Collect$$$$0000000F)
    Reset_Handler                            0x0800019d   Thumb Code     8  startup_stm32f407xx.o(.text)
    ADC_IRQHandler                           0x080001b7   Thumb Code     0  startup_stm32f407xx.o(.text)
    CAN1_RX0_IRQHandler                      0x080001b7   Thumb Code     0  startup_stm32f407xx.o(.text)
    CAN1_RX1_IRQHandler                      0x080001b7   Thumb Code     0  startup_stm32f407xx.o(.text)
    CAN1_SCE_IRQHandler                      0x080001b7   Thumb Code     0  startup_stm32f407xx.o(.text)
    CAN1_TX_IRQHandler                       0x080001b7   Thumb Code     0  startup_stm32f407xx.o(.text)
    CAN2_RX0_IRQHandler                      0x080001b7   Thumb Code     0  startup_stm32f407xx.o(.text)
    CAN2_RX1_IRQHandler                      0x080001b7   Thumb Code     0  startup_stm32f407xx.o(.text)
    CAN2_SCE_IRQHandler                      0x080001b7   Thumb Code     0  startup_stm32f407xx.o(.text)
    CAN2_TX_IRQHandler                       0x080001b7   Thumb Code     0  startup_stm32f407xx.o(.text)
    DCMI_IRQHandler                          0x080001b7   Thumb Code     0  startup_stm32f407xx.o(.text)
    DMA1_Stream0_IRQHandler                  0x080001b7   Thumb Code     0  startup_stm32f407xx.o(.text)
    DMA1_Stream1_IRQHandler                  0x080001b7   Thumb Code     0  startup_stm32f407xx.o(.text)
    DMA1_Stream2_IRQHandler                  0x080001b7   Thumb Code     0  startup_stm32f407xx.o(.text)
    DMA1_Stream3_IRQHandler                  0x080001b7   Thumb Code     0  startup_stm32f407xx.o(.text)
    DMA1_Stream4_IRQHandler                  0x080001b7   Thumb Code     0  startup_stm32f407xx.o(.text)
    DMA1_Stream5_IRQHandler                  0x080001b7   Thumb Code     0  startup_stm32f407xx.o(.text)
    DMA1_Stream6_IRQHandler                  0x080001b7   Thumb Code     0  startup_stm32f407xx.o(.text)
    DMA1_Stream7_IRQHandler                  0x080001b7   Thumb Code     0  startup_stm32f407xx.o(.text)
    DMA2_Stream0_IRQHandler                  0x080001b7   Thumb Code     0  startup_stm32f407xx.o(.text)
    DMA2_Stream1_IRQHandler                  0x080001b7   Thumb Code     0  startup_stm32f407xx.o(.text)
    DMA2_Stream2_IRQHandler                  0x080001b7   Thumb Code     0  startup_stm32f407xx.o(.text)
    DMA2_Stream3_IRQHandler                  0x080001b7   Thumb Code     0  startup_stm32f407xx.o(.text)
    DMA2_Stream4_IRQHandler                  0x080001b7   Thumb Code     0  startup_stm32f407xx.o(.text)
    DMA2_Stream5_IRQHandler                  0x080001b7   Thumb Code     0  startup_stm32f407xx.o(.text)
    DMA2_Stream6_IRQHandler                  0x080001b7   Thumb Code     0  startup_stm32f407xx.o(.text)
    DMA2_Stream7_IRQHandler                  0x080001b7   Thumb Code     0  startup_stm32f407xx.o(.text)
    ETH_IRQHandler                           0x080001b7   Thumb Code     0  startup_stm32f407xx.o(.text)
    ETH_WKUP_IRQHandler                      0x080001b7   Thumb Code     0  startup_stm32f407xx.o(.text)
    EXTI0_IRQHandler                         0x080001b7   Thumb Code     0  startup_stm32f407xx.o(.text)
    EXTI15_10_IRQHandler                     0x080001b7   Thumb Code     0  startup_stm32f407xx.o(.text)
    EXTI1_IRQHandler                         0x080001b7   Thumb Code     0  startup_stm32f407xx.o(.text)
    EXTI2_IRQHandler                         0x080001b7   Thumb Code     0  startup_stm32f407xx.o(.text)
    EXTI3_IRQHandler                         0x080001b7   Thumb Code     0  startup_stm32f407xx.o(.text)
    EXTI4_IRQHandler                         0x080001b7   Thumb Code     0  startup_stm32f407xx.o(.text)
    FLASH_IRQHandler                         0x080001b7   Thumb Code     0  startup_stm32f407xx.o(.text)
    FMC_IRQHandler                           0x080001b7   Thumb Code     0  startup_stm32f407xx.o(.text)
    FPU_IRQHandler                           0x080001b7   Thumb Code     0  startup_stm32f407xx.o(.text)
    HASH_RNG_IRQHandler                      0x080001b7   Thumb Code     0  startup_stm32f407xx.o(.text)
    I2C1_ER_IRQHandler                       0x080001b7   Thumb Code     0  startup_stm32f407xx.o(.text)
    I2C1_EV_IRQHandler                       0x080001b7   Thumb Code     0  startup_stm32f407xx.o(.text)
    I2C2_ER_IRQHandler                       0x080001b7   Thumb Code     0  startup_stm32f407xx.o(.text)
    I2C2_EV_IRQHandler                       0x080001b7   Thumb Code     0  startup_stm32f407xx.o(.text)
    I2C3_ER_IRQHandler                       0x080001b7   Thumb Code     0  startup_stm32f407xx.o(.text)
    I2C3_EV_IRQHandler                       0x080001b7   Thumb Code     0  startup_stm32f407xx.o(.text)
    OTG_FS_IRQHandler                        0x080001b7   Thumb Code     0  startup_stm32f407xx.o(.text)
    OTG_FS_WKUP_IRQHandler                   0x080001b7   Thumb Code     0  startup_stm32f407xx.o(.text)
    OTG_HS_EP1_IN_IRQHandler                 0x080001b7   Thumb Code     0  startup_stm32f407xx.o(.text)
    OTG_HS_EP1_OUT_IRQHandler                0x080001b7   Thumb Code     0  startup_stm32f407xx.o(.text)
    OTG_HS_IRQHandler                        0x080001b7   Thumb Code     0  startup_stm32f407xx.o(.text)
    OTG_HS_WKUP_IRQHandler                   0x080001b7   Thumb Code     0  startup_stm32f407xx.o(.text)
    PVD_IRQHandler                           0x080001b7   Thumb Code     0  startup_stm32f407xx.o(.text)
    RCC_IRQHandler                           0x080001b7   Thumb Code     0  startup_stm32f407xx.o(.text)
    RTC_Alarm_IRQHandler                     0x080001b7   Thumb Code     0  startup_stm32f407xx.o(.text)
    SDIO_IRQHandler                          0x080001b7   Thumb Code     0  startup_stm32f407xx.o(.text)
    SPI1_IRQHandler                          0x080001b7   Thumb Code     0  startup_stm32f407xx.o(.text)
    SPI2_IRQHandler                          0x080001b7   Thumb Code     0  startup_stm32f407xx.o(.text)
    SPI3_IRQHandler                          0x080001b7   Thumb Code     0  startup_stm32f407xx.o(.text)
    TAMP_STAMP_IRQHandler                    0x080001b7   Thumb Code     0  startup_stm32f407xx.o(.text)
    TIM1_BRK_TIM9_IRQHandler                 0x080001b7   Thumb Code     0  startup_stm32f407xx.o(.text)
    TIM1_CC_IRQHandler                       0x080001b7   Thumb Code     0  startup_stm32f407xx.o(.text)
    TIM1_TRG_COM_TIM11_IRQHandler            0x080001b7   Thumb Code     0  startup_stm32f407xx.o(.text)
    TIM1_UP_TIM10_IRQHandler                 0x080001b7   Thumb Code     0  startup_stm32f407xx.o(.text)
    TIM2_IRQHandler                          0x080001b7   Thumb Code     0  startup_stm32f407xx.o(.text)
    TIM4_IRQHandler                          0x080001b7   Thumb Code     0  startup_stm32f407xx.o(.text)
    TIM5_IRQHandler                          0x080001b7   Thumb Code     0  startup_stm32f407xx.o(.text)
    TIM6_DAC_IRQHandler                      0x080001b7   Thumb Code     0  startup_stm32f407xx.o(.text)
    TIM7_IRQHandler                          0x080001b7   Thumb Code     0  startup_stm32f407xx.o(.text)
    TIM8_BRK_TIM12_IRQHandler                0x080001b7   Thumb Code     0  startup_stm32f407xx.o(.text)
    TIM8_CC_IRQHandler                       0x080001b7   Thumb Code     0  startup_stm32f407xx.o(.text)
    TIM8_TRG_COM_TIM14_IRQHandler            0x080001b7   Thumb Code     0  startup_stm32f407xx.o(.text)
    TIM8_UP_TIM13_IRQHandler                 0x080001b7   Thumb Code     0  startup_stm32f407xx.o(.text)
    UART4_IRQHandler                         0x080001b7   Thumb Code     0  startup_stm32f407xx.o(.text)
    UART5_IRQHandler                         0x080001b7   Thumb Code     0  startup_stm32f407xx.o(.text)
    USART2_IRQHandler                        0x080001b7   Thumb Code     0  startup_stm32f407xx.o(.text)
    USART3_IRQHandler                        0x080001b7   Thumb Code     0  startup_stm32f407xx.o(.text)
    USART6_IRQHandler                        0x080001b7   Thumb Code     0  startup_stm32f407xx.o(.text)
    WWDG_IRQHandler                          0x080001b7   Thumb Code     0  startup_stm32f407xx.o(.text)
    __aeabi_uldivmod                         0x080001c1   Thumb Code    98  uldiv.o(.text)
    __aeabi_memcpy                           0x08000223   Thumb Code    36  memcpya.o(.text)
    __aeabi_memcpy4                          0x08000223   Thumb Code     0  memcpya.o(.text)
    __aeabi_memcpy8                          0x08000223   Thumb Code     0  memcpya.o(.text)
    __aeabi_memset                           0x08000247   Thumb Code    14  memseta.o(.text)
    __aeabi_memset4                          0x08000247   Thumb Code     0  memseta.o(.text)
    __aeabi_memset8                          0x08000247   Thumb Code     0  memseta.o(.text)
    __aeabi_memclr                           0x08000255   Thumb Code     4  memseta.o(.text)
    __aeabi_memclr4                          0x08000255   Thumb Code     0  memseta.o(.text)
    __aeabi_memclr8                          0x08000255   Thumb Code     0  memseta.o(.text)
    _memset$wrapper                          0x08000259   Thumb Code    18  memseta.o(.text)
    __aeabi_dadd                             0x0800026b   Thumb Code   322  dadd.o(.text)
    __aeabi_dsub                             0x080003ad   Thumb Code     6  dadd.o(.text)
    __aeabi_drsub                            0x080003b3   Thumb Code     6  dadd.o(.text)
    __aeabi_dmul                             0x080003b9   Thumb Code   228  dmul.o(.text)
    __aeabi_ddiv                             0x0800049d   Thumb Code   222  ddiv.o(.text)
    __aeabi_f2d                              0x0800057b   Thumb Code    38  f2d.o(.text)
    __aeabi_uidiv                            0x080005a1   Thumb Code     0  uidiv.o(.text)
    __aeabi_uidivmod                         0x080005a1   Thumb Code    44  uidiv.o(.text)
    __aeabi_llsl                             0x080005cd   Thumb Code    30  llshl.o(.text)
    _ll_shift_l                              0x080005cd   Thumb Code     0  llshl.o(.text)
    __aeabi_llsr                             0x080005eb   Thumb Code    32  llushr.o(.text)
    _ll_ushift_r                             0x080005eb   Thumb Code     0  llushr.o(.text)
    __aeabi_lasr                             0x0800060b   Thumb Code    36  llsshr.o(.text)
    _ll_sshift_r                             0x0800060b   Thumb Code     0  llsshr.o(.text)
    __I$use$fp                               0x0800062f   Thumb Code     0  iusefp.o(.text)
    _double_round                            0x0800062f   Thumb Code    30  depilogue.o(.text)
    _double_epilogue                         0x0800064d   Thumb Code   156  depilogue.o(.text)
    __aeabi_d2ulz                            0x080006e9   Thumb Code    48  dfixul.o(.text)
    __aeabi_cdrcmple                         0x08000719   Thumb Code    48  cdrcmple.o(.text)
    __scatterload                            0x08000749   Thumb Code    28  init.o(.text)
    __scatterload_rt2                        0x08000749   Thumb Code     0  init.o(.text)
    ASCII_8X16                               0x08000895   Thumb Code    70  gt30l32.o(i.ASCII_8X16)
    Accessibility_Menu                       0x080008e5   Thumb Code   172  menu.o(i.Accessibility_Menu)
    BaselineLevel_Menu                       0x08000a2d   Thumb Code    76  menu.o(i.BaselineLevel_Menu)
    BatteryLevel_Menu                        0x08000ad9   Thumb Code    56  menu.o(i.BatteryLevel_Menu)
    BusFault_Handler                         0x08000b4d   Thumb Code     2  stm32f4xx_it.o(i.BusFault_Handler)
    ChangeOneBlock                           0x08000b51   Thumb Code   212  oled.o(i.ChangeOneBlock)
    ChangeOneHaltBlock                       0x08000c25   Thumb Code    88  oled.o(i.ChangeOneHaltBlock)
    CheckCrc8                                0x08000c7d   Thumb Code    48  sht30_i2c_drv.o(i.CheckCrc8)
    CommunData_Menu                          0x08000cad   Thumb Code    86  menu.o(i.CommunData_Menu)
    CumuMass_Menu                            0x08000d61   Thumb Code    76  menu.o(i.CumuMass_Menu)
    CumuPart_Menu                            0x08000e41   Thumb Code    76  menu.o(i.CumuPart_Menu)
    DebugMon_Handler                         0x08000f21   Thumb Code     2  stm32f4xx_it.o(i.DebugMon_Handler)
    DefaultShow_Menu                         0x08000f25   Thumb Code    66  menu.o(i.DefaultShow_Menu)
    DiffMass_Menu                            0x08000fb5   Thumb Code   142  menu.o(i.DiffMass_Menu)
    DiffPart_Menu                            0x080010d1   Thumb Code    76  menu.o(i.DiffPart_Menu)
    EXTI9_5_IRQHandler                       0x080011b1   Thumb Code     6  stm32f4xx_it.o(i.EXTI9_5_IRQHandler)
    Error_Handler                            0x080011b7   Thumb Code     4  main.o(i.Error_Handler)
    GB2312_16X16                             0x080011bd   Thumb Code   126  gt30l32.o(i.GB2312_16X16)
    GenitopZk_Address                        0x08001245   Thumb Code    40  gt30l32.o(i.GenitopZk_Address)
    GetUsartBuf                              0x0800126d   Thumb Code    68  menu.o(i.GetUsartBuf)
    HAL_ADC_ConfigChannel                    0x080012c1   Thumb Code   316  stm32f4xx_hal_adc.o(i.HAL_ADC_ConfigChannel)
    HAL_ADC_Init                             0x0800140d   Thumb Code    84  stm32f4xx_hal_adc.o(i.HAL_ADC_Init)
    HAL_ADC_MspInit                          0x08001461   Thumb Code    82  adc.o(i.HAL_ADC_MspInit)
    HAL_DMA_Abort                            0x080014c1   Thumb Code   146  stm32f4xx_hal_dma.o(i.HAL_DMA_Abort)
    HAL_DMA_Abort_IT                         0x08001553   Thumb Code    36  stm32f4xx_hal_dma.o(i.HAL_DMA_Abort_IT)
    HAL_Delay                                0x08001579   Thumb Code    32  stm32f4xx_hal.o(i.HAL_Delay)
    HAL_GPIO_EXTI_Callback                   0x0800159d   Thumb Code     2  main.o(i.HAL_GPIO_EXTI_Callback)
    HAL_GPIO_EXTI_IRQHandler                 0x080015a1   Thumb Code    18  stm32f4xx_hal_gpio.o(i.HAL_GPIO_EXTI_IRQHandler)
    HAL_GPIO_Init                            0x080015b9   Thumb Code   450  stm32f4xx_hal_gpio.o(i.HAL_GPIO_Init)
    HAL_GPIO_ReadPin                         0x080017a9   Thumb Code    10  stm32f4xx_hal_gpio.o(i.HAL_GPIO_ReadPin)
    HAL_GPIO_WritePin                        0x080017b3   Thumb Code    10  stm32f4xx_hal_gpio.o(i.HAL_GPIO_WritePin)
    HAL_GetTick                              0x080017bd   Thumb Code     6  stm32f4xx_hal.o(i.HAL_GetTick)
    HAL_I2C_Init                             0x080017c9   Thumb Code   376  stm32f4xx_hal_i2c.o(i.HAL_I2C_Init)
    HAL_I2C_Master_Receive                   0x08001951   Thumb Code   468  stm32f4xx_hal_i2c.o(i.HAL_I2C_Master_Receive)
    HAL_I2C_Master_Transmit                  0x08001b31   Thumb Code   290  stm32f4xx_hal_i2c.o(i.HAL_I2C_Master_Transmit)
    HAL_I2C_MspInit                          0x08001c5d   Thumb Code   208  i2c.o(i.HAL_I2C_MspInit)
    HAL_IncTick                              0x08001d45   Thumb Code    12  stm32f4xx_hal.o(i.HAL_IncTick)
    HAL_Init                                 0x08001d55   Thumb Code    48  stm32f4xx_hal.o(i.HAL_Init)
    HAL_InitTick                             0x08001d89   Thumb Code    54  stm32f4xx_hal.o(i.HAL_InitTick)
    HAL_MspInit                              0x08001dc9   Thumb Code    42  stm32f4xx_hal_msp.o(i.HAL_MspInit)
    HAL_NVIC_EnableIRQ                       0x08001df9   Thumb Code    26  stm32f4xx_hal_cortex.o(i.HAL_NVIC_EnableIRQ)
    HAL_NVIC_SetPriority                     0x08001e15   Thumb Code    60  stm32f4xx_hal_cortex.o(i.HAL_NVIC_SetPriority)
    HAL_NVIC_SetPriorityGrouping             0x08001e55   Thumb Code    26  stm32f4xx_hal_cortex.o(i.HAL_NVIC_SetPriorityGrouping)
    HAL_RCCEx_PeriphCLKConfig                0x08001e79   Thumb Code   296  stm32f4xx_hal_rcc_ex.o(i.HAL_RCCEx_PeriphCLKConfig)
    HAL_RCC_ClockConfig                      0x08001fb5   Thumb Code   288  stm32f4xx_hal_rcc.o(i.HAL_RCC_ClockConfig)
    HAL_RCC_GetPCLK1Freq                     0x080020e9   Thumb Code    20  stm32f4xx_hal_rcc.o(i.HAL_RCC_GetPCLK1Freq)
    HAL_RCC_GetPCLK2Freq                     0x08002109   Thumb Code    20  stm32f4xx_hal_rcc.o(i.HAL_RCC_GetPCLK2Freq)
    HAL_RCC_GetSysClockFreq                  0x08002129   Thumb Code    88  stm32f4xx_hal_rcc.o(i.HAL_RCC_GetSysClockFreq)
    HAL_RCC_OscConfig                        0x08002189   Thumb Code   856  stm32f4xx_hal_rcc.o(i.HAL_RCC_OscConfig)
    HAL_RTCEx_SetWakeUpTimer_IT              0x080024f5   Thumb Code   236  stm32f4xx_hal_rtc_ex.o(i.HAL_RTCEx_SetWakeUpTimer_IT)
    HAL_RTCEx_WakeUpTimerEventCallback       0x080025e9   Thumb Code     2  stm32f4xx_hal_rtc_ex.o(i.HAL_RTCEx_WakeUpTimerEventCallback)
    HAL_RTCEx_WakeUpTimerIRQHandler          0x080025ed   Thumb Code    46  stm32f4xx_hal_rtc_ex.o(i.HAL_RTCEx_WakeUpTimerIRQHandler)
    HAL_RTC_GetDate                          0x08002621   Thumb Code    62  stm32f4xx_hal_rtc.o(i.HAL_RTC_GetDate)
    HAL_RTC_GetTime                          0x08002665   Thumb Code    78  stm32f4xx_hal_rtc.o(i.HAL_RTC_GetTime)
    HAL_RTC_Init                             0x080026b9   Thumb Code   136  stm32f4xx_hal_rtc.o(i.HAL_RTC_Init)
    HAL_RTC_MspInit                          0x08002745   Thumb Code    64  rtc.o(i.HAL_RTC_MspInit)
    HAL_RTC_SetDate                          0x0800278d   Thumb Code   146  stm32f4xx_hal_rtc.o(i.HAL_RTC_SetDate)
    HAL_RTC_SetTime                          0x08002825   Thumb Code   186  stm32f4xx_hal_rtc.o(i.HAL_RTC_SetTime)
    HAL_RTC_WaitForSynchro                   0x080028e5   Thumb Code    54  stm32f4xx_hal_rtc.o(i.HAL_RTC_WaitForSynchro)
    HAL_SPI_Init                             0x0800291b   Thumb Code   188  stm32f4xx_hal_spi.o(i.HAL_SPI_Init)
    HAL_SPI_MspInit                          0x080029d9   Thumb Code    94  spi.o(i.HAL_SPI_MspInit)
    HAL_SPI_TransmitReceive                  0x08002a45   Thumb Code   482  stm32f4xx_hal_spi.o(i.HAL_SPI_TransmitReceive)
    HAL_SYSTICK_CLKSourceConfig              0x08002c27   Thumb Code    24  stm32f4xx_hal_cortex.o(i.HAL_SYSTICK_CLKSourceConfig)
    HAL_SYSTICK_Config                       0x08002c3f   Thumb Code    40  stm32f4xx_hal_cortex.o(i.HAL_SYSTICK_Config)
    HAL_TIMEx_BreakCallback                  0x08002c67   Thumb Code     2  stm32f4xx_hal_tim_ex.o(i.HAL_TIMEx_BreakCallback)
    HAL_TIMEx_CommutCallback                 0x08002c69   Thumb Code     2  stm32f4xx_hal_tim_ex.o(i.HAL_TIMEx_CommutCallback)
    HAL_TIMEx_ConfigBreakDeadTime            0x08002c6b   Thumb Code    84  stm32f4xx_hal_tim_ex.o(i.HAL_TIMEx_ConfigBreakDeadTime)
    HAL_TIMEx_MasterConfigSynchronization    0x08002cc1   Thumb Code   116  stm32f4xx_hal_tim_ex.o(i.HAL_TIMEx_MasterConfigSynchronization)
    HAL_TIM_Base_Init                        0x08002d51   Thumb Code    90  stm32f4xx_hal_tim.o(i.HAL_TIM_Base_Init)
    HAL_TIM_Base_MspInit                     0x08002dad   Thumb Code    76  tim.o(i.HAL_TIM_Base_MspInit)
    HAL_TIM_Base_Start_IT                    0x08002e05   Thumb Code   100  stm32f4xx_hal_tim.o(i.HAL_TIM_Base_Start_IT)
    HAL_TIM_Base_Stop_IT                     0x08002e85   Thumb Code    48  stm32f4xx_hal_tim.o(i.HAL_TIM_Base_Stop_IT)
    HAL_TIM_ConfigClockSource                0x08002eb5   Thumb Code   220  stm32f4xx_hal_tim.o(i.HAL_TIM_ConfigClockSource)
    HAL_TIM_IC_CaptureCallback               0x08002f91   Thumb Code     2  stm32f4xx_hal_tim.o(i.HAL_TIM_IC_CaptureCallback)
    HAL_TIM_IRQHandler                       0x08002f93   Thumb Code   358  stm32f4xx_hal_tim.o(i.HAL_TIM_IRQHandler)
    HAL_TIM_MspPostInit                      0x080030f9   Thumb Code    72  tim.o(i.HAL_TIM_MspPostInit)
    HAL_TIM_OC_DelayElapsedCallback          0x0800314d   Thumb Code     2  stm32f4xx_hal_tim.o(i.HAL_TIM_OC_DelayElapsedCallback)
    HAL_TIM_PWM_ConfigChannel                0x0800314f   Thumb Code   204  stm32f4xx_hal_tim.o(i.HAL_TIM_PWM_ConfigChannel)
    HAL_TIM_PWM_Init                         0x0800321b   Thumb Code    90  stm32f4xx_hal_tim.o(i.HAL_TIM_PWM_Init)
    HAL_TIM_PWM_MspInit                      0x08003275   Thumb Code     2  stm32f4xx_hal_tim.o(i.HAL_TIM_PWM_MspInit)
    HAL_TIM_PWM_PulseFinishedCallback        0x08003277   Thumb Code     2  stm32f4xx_hal_tim.o(i.HAL_TIM_PWM_PulseFinishedCallback)
    HAL_TIM_PWM_Start                        0x08003279   Thumb Code   172  stm32f4xx_hal_tim.o(i.HAL_TIM_PWM_Start)
    HAL_TIM_PeriodElapsedCallback            0x08003341   Thumb Code    90  stm32f4xx_it.o(i.HAL_TIM_PeriodElapsedCallback)
    HAL_TIM_TriggerCallback                  0x080033a9   Thumb Code     2  stm32f4xx_hal_tim.o(i.HAL_TIM_TriggerCallback)
    HAL_UARTEx_RxEventCallback               0x080033ab   Thumb Code     2  stm32f4xx_hal_uart.o(i.HAL_UARTEx_RxEventCallback)
    HAL_UART_ErrorCallback                   0x080033ad   Thumb Code     2  stm32f4xx_hal_uart.o(i.HAL_UART_ErrorCallback)
    HAL_UART_GetState                        0x080033af   Thumb Code    10  stm32f4xx_hal_uart.o(i.HAL_UART_GetState)
    HAL_UART_IRQHandler                      0x080033b9   Thumb Code   610  stm32f4xx_hal_uart.o(i.HAL_UART_IRQHandler)
    HAL_UART_Init                            0x08003621   Thumb Code    98  stm32f4xx_hal_uart.o(i.HAL_UART_Init)
    HAL_UART_MspInit                         0x08003685   Thumb Code   110  usart.o(i.HAL_UART_MspInit)
    HAL_UART_Receive_IT                      0x08003701   Thumb Code    42  stm32f4xx_hal_uart.o(i.HAL_UART_Receive_IT)
    HAL_UART_RxCpltCallback                  0x0800372d   Thumb Code    72  stm32f4xx_it.o(i.HAL_UART_RxCpltCallback)
    HAL_UART_TxCpltCallback                  0x08003785   Thumb Code     2  stm32f4xx_hal_uart.o(i.HAL_UART_TxCpltCallback)
    HardFault_Handler                        0x08003787   Thumb Code     2  stm32f4xx_it.o(i.HardFault_Handler)
    KEY_Scan                                 0x08003b3d   Thumb Code   400  key.o(i.KEY_Scan)
    Laser_Menu                               0x08003cd9   Thumb Code    36  menu.o(i.Laser_Menu)
    MX_ADC1_Init                             0x08003d25   Thumb Code   106  adc.o(i.MX_ADC1_Init)
    MX_GPIO_Init                             0x08003d9d   Thumb Code   324  gpio.o(i.MX_GPIO_Init)
    MX_I2C1_Init                             0x08003ef5   Thumb Code    50  i2c.o(i.MX_I2C1_Init)
    MX_I2C3_Init                             0x08003f35   Thumb Code    50  i2c.o(i.MX_I2C3_Init)
    MX_RTC_Init                              0x08003f75   Thumb Code   136  rtc.o(i.MX_RTC_Init)
    MX_SPI3_Init                             0x08004005   Thumb Code    62  spi.o(i.MX_SPI3_Init)
    MX_TIM1_Init                             0x0800404d   Thumb Code   194  tim.o(i.MX_TIM1_Init)
    MX_TIM3_Init                             0x08004119   Thumb Code    92  tim.o(i.MX_TIM3_Init)
    MX_USART1_UART_Init                      0x0800417d   Thumb Code    48  usart.o(i.MX_USART1_UART_Init)
    MeaValue_Menu                            0x080041b5   Thumb Code   230  menu.o(i.MeaValue_Menu)
    MemManage_Handler                        0x08004335   Thumb Code     2  stm32f4xx_it.o(i.MemManage_Handler)
    NMI_Handler                              0x08004337   Thumb Code     2  stm32f4xx_it.o(i.NMI_Handler)
    OLED_Init                                0x08004339   Thumb Code   368  oled.o(i.OLED_Init)
    OLED_SetPoint                            0x080044ad   Thumb Code    56  oled.o(i.OLED_SetPoint)
    OLED_ShowAscilString                     0x080044e5   Thumb Code    46  oled.o(i.OLED_ShowAscilString)
    OLED_ShowGB2312String                    0x08004515   Thumb Code    74  oled.o(i.OLED_ShowGB2312String)
    OLED_Show_Ascil                          0x08004565   Thumb Code    88  oled.o(i.OLED_Show_Ascil)
    OLED_Show_GB2312                         0x080045bd   Thumb Code    88  oled.o(i.OLED_Show_GB2312)
    PID_init                                 0x08004615   Thumb Code    52  pid.o(i.PID_init)
    PendSV_Handler                           0x08004659   Thumb Code     2  stm32f4xx_it.o(i.PendSV_Handler)
    PumpSpeed_Menu                           0x0800465d   Thumb Code    76  menu.o(i.PumpSpeed_Menu)
    RTC_Bcd2ToByte                           0x08004709   Thumb Code    18  stm32f4xx_hal_rtc.o(i.RTC_Bcd2ToByte)
    RTC_ByteToBcd2                           0x0800471b   Thumb Code    24  stm32f4xx_hal_rtc.o(i.RTC_ByteToBcd2)
    RTC_EnterInitMode                        0x08004735   Thumb Code    72  stm32f4xx_hal_rtc.o(i.RTC_EnterInitMode)
    RTC_ExitInitMode                         0x0800477d   Thumb Code    42  stm32f4xx_hal_rtc.o(i.RTC_ExitInitMode)
    RTC_WKUP_IRQHandler                      0x080047a9   Thumb Code     6  stm32f4xx_it.o(i.RTC_WKUP_IRQHandler)
    RowModeToColumMode                       0x080047b5   Thumb Code   208  oled.o(i.RowModeToColumMode)
    SHT30_Dat_To_Float                       0x08004885   Thumb Code   108  sht30_i2c_drv.o(i.SHT30_Dat_To_Float)
    SHT30_Read_Dat                           0x08004901   Thumb Code    32  sht30_i2c_drv.o(i.SHT30_Read_Dat)
    SPI3_ReadWriteByte                       0x08004951   Thumb Code    28  gt30l32.o(i.SPI3_ReadWriteByte)
    SVC_Handler                              0x08004a81   Thumb Code     2  stm32f4xx_it.o(i.SVC_Handler)
    SaveTime_Menu                            0x08004a85   Thumb Code    66  menu.o(i.SaveTime_Menu)
    State_Menu                               0x08004b15   Thumb Code   190  menu.o(i.State_Menu)
    SysState_Menu                            0x08004c71   Thumb Code   294  menu.o(i.SysState_Menu)
    SysTick_Handler                          0x08004e41   Thumb Code     4  stm32f4xx_it.o(i.SysTick_Handler)
    SystemClock_Config                       0x08004e45   Thumb Code   144  main.o(i.SystemClock_Config)
    SystemInit                               0x08004edd   Thumb Code    12  system_stm32f4xx.o(i.SystemInit)
    TIM3_IRQHandler                          0x08004eed   Thumb Code     6  stm32f4xx_it.o(i.TIM3_IRQHandler)
    TIM_Base_SetConfig                       0x08004ef9   Thumb Code   156  stm32f4xx_hal_tim.o(i.TIM_Base_SetConfig)
    TIM_CCxChannelCmd                        0x08004fc1   Thumb Code    26  stm32f4xx_hal_tim.o(i.TIM_CCxChannelCmd)
    TIM_ETR_SetConfig                        0x08004fdb   Thumb Code    20  stm32f4xx_hal_tim.o(i.TIM_ETR_SetConfig)
    TIM_OC2_SetConfig                        0x08005061   Thumb Code    98  stm32f4xx_hal_tim.o(i.TIM_OC2_SetConfig)
    TimeSet_Menu                             0x080051cd   Thumb Code   362  menu.o(i.TimeSet_Menu)
    UART_Start_Receive_IT                    0x080055e5   Thumb Code    58  stm32f4xx_hal_uart.o(i.UART_Start_Receive_IT)
    USART1_IRQHandler                        0x08005621   Thumb Code    58  stm32f4xx_it.o(i.USART1_IRQHandler)
    USARTBufferToD_data                      0x08005665   Thumb Code   160  menu.o(i.USARTBufferToD_data)
    UsageFault_Handler                       0x08005705   Thumb Code     2  stm32f4xx_it.o(i.UsageFault_Handler)
    User_Menu                                0x08005709   Thumb Code   236  menu.o(i.User_Menu)
    WarnningSet_Menu                         0x0800588d   Thumb Code   234  menu.o(i.WarnningSet_Menu)
    Write_4spi_OLED_CMD                      0x08005a11   Thumb Code   124  oled.o(i.Write_4spi_OLED_CMD)
    Write_4spi_OLED_DATA                     0x08005a95   Thumb Code   122  oled.o(i.Write_4spi_OLED_DATA)
    __0sprintf                               0x08005b19   Thumb Code    34  printfa.o(i.__0sprintf)
    __1sprintf                               0x08005b19   Thumb Code     0  printfa.o(i.__0sprintf)
    __2sprintf                               0x08005b19   Thumb Code     0  printfa.o(i.__0sprintf)
    __c89sprintf                             0x08005b19   Thumb Code     0  printfa.o(i.__0sprintf)
    sprintf                                  0x08005b19   Thumb Code     0  printfa.o(i.__0sprintf)
    __scatterload_copy                       0x08005b61   Thumb Code    14  handlers.o(i.__scatterload_copy)
    __scatterload_null                       0x08005b6f   Thumb Code     2  handlers.o(i.__scatterload_null)
    __scatterload_zeroinit                   0x08005b71   Thumb Code    14  handlers.o(i.__scatterload_zeroinit)
    clealddram                               0x0800643d   Thumb Code    74  oled.o(i.clealddram)
    delay_init                               0x08006489   Thumb Code    16  delay.o(i.delay_init)
    delay_ms                                 0x0800649d   Thumb Code    26  delay.o(i.delay_ms)
    delay_us                                 0x080064b9   Thumb Code    48  delay.o(i.delay_us)
    main                                     0x080064ed   Thumb Code   134  main.o(i.main)
    menu_run                                 0x0800658d   Thumb Code   222  menu.o(i.menu_run)
    AHBPrescTable                            0x08006708   Data          16  system_stm32f4xx.o(.constdata)
    APBPrescTable                            0x08006718   Data           8  system_stm32f4xx.o(.constdata)
    Region$$Table$$Base                      0x08006720   Number         0  anon$$obj.o(Region$$Table)
    Region$$Table$$Limit                     0x08006740   Number         0  anon$$obj.o(Region$$Table)
    main_menu                                0x20000006   Data           1  menu.o(.data)
    user_menu                                0x20000007   Data           1  menu.o(.data)
    key                                      0x20000016   Data           1  menu.o(.data)
    rxlen                                    0x20000018   Data           2  menu.o(.data)
    recv_dat                                 0x2000001a   Data           6  menu.o(.data)
    crcchar                                  0x20000020   Data           1  stm32f4xx_it.o(.data)
    aRxBuffer                                0x20000021   Data           1  stm32f4xx_it.o(.data)
    USART_RX_STA                             0x20000022   Data           2  stm32f4xx_it.o(.data)
    timcnt                                   0x20000024   Data           2  stm32f4xx_it.o(.data)
    len                                      0x20000026   Data           2  stm32f4xx_it.o(.data)
    uwTickFreq                               0x20000028   Data           1  stm32f4xx_hal.o(.data)
    uwTickPrio                               0x2000002c   Data           4  stm32f4xx_hal.o(.data)
    uwTick                                   0x20000030   Data           4  stm32f4xx_hal.o(.data)
    SystemCoreClock                          0x20000034   Data           4  system_stm32f4xx.o(.data)
    ReceiveData                              0x20000038   Data          32  menu.o(.bss)
    pid                                      0x20000058   Data          36  pid.o(.bss)
    hadc1                                    0x2000007c   Data          72  adc.o(.bss)
    hi2c1                                    0x200000c4   Data          84  i2c.o(.bss)
    hi2c3                                    0x20000118   Data          84  i2c.o(.bss)
    hrtc                                     0x2000016c   Data          32  rtc.o(.bss)
    hspi3                                    0x2000018c   Data          88  spi.o(.bss)
    htim1                                    0x200001e4   Data          72  tim.o(.bss)
    htim3                                    0x2000022c   Data          72  tim.o(.bss)
    huart1                                   0x20000274   Data          68  usart.o(.bss)
    USART_RX_BUF                             0x200002b8   Data         200  stm32f4xx_it.o(.bss)
    __initial_sp                             0x20000780   Data           0  startup_stm32f407xx.o(STACK)



==============================================================================

Memory Map of the image

  Image Entry point : 0x08000189

  Load Region LR_IROM1 (Base: 0x08000000, Size: 0x00006778, Max: 0x00080000, ABSOLUTE)

    Execution Region ER_IROM1 (Exec base: 0x08000000, Load base: 0x08000000, Size: 0x00006740, Max: 0x00080000, ABSOLUTE)

    Exec Addr    Load Addr    Size         Type   Attr      Idx    E Section Name        Object

    0x08000000   0x08000000   0x00000188   Data   RO            3    RESET               startup_stm32f407xx.o
    0x08000188   0x08000188   0x00000000   Code   RO         5483  * .ARM.Collect$$$$00000000  mc_w.l(entry.o)
    0x08000188   0x08000188   0x00000004   Code   RO         5767    .ARM.Collect$$$$00000001  mc_w.l(entry2.o)
    0x0800018c   0x0800018c   0x00000004   Code   RO         5770    .ARM.Collect$$$$00000004  mc_w.l(entry5.o)
    0x08000190   0x08000190   0x00000000   Code   RO         5772    .ARM.Collect$$$$00000008  mc_w.l(entry7b.o)
    0x08000190   0x08000190   0x00000000   Code   RO         5774    .ARM.Collect$$$$0000000A  mc_w.l(entry8b.o)
    0x08000190   0x08000190   0x00000008   Code   RO         5775    .ARM.Collect$$$$0000000B  mc_w.l(entry9a.o)
    0x08000198   0x08000198   0x00000000   Code   RO         5777    .ARM.Collect$$$$0000000D  mc_w.l(entry10a.o)
    0x08000198   0x08000198   0x00000000   Code   RO         5779    .ARM.Collect$$$$0000000F  mc_w.l(entry11a.o)
    0x08000198   0x08000198   0x00000004   Code   RO         5768    .ARM.Collect$$$$00002712  mc_w.l(entry2.o)
    0x0800019c   0x0800019c   0x00000024   Code   RO            4    .text               startup_stm32f407xx.o
    0x080001c0   0x080001c0   0x00000062   Code   RO         5486    .text               mc_w.l(uldiv.o)
    0x08000222   0x08000222   0x00000024   Code   RO         5488    .text               mc_w.l(memcpya.o)
    0x08000246   0x08000246   0x00000024   Code   RO         5490    .text               mc_w.l(memseta.o)
    0x0800026a   0x0800026a   0x0000014e   Code   RO         5755    .text               mf_w.l(dadd.o)
    0x080003b8   0x080003b8   0x000000e4   Code   RO         5757    .text               mf_w.l(dmul.o)
    0x0800049c   0x0800049c   0x000000de   Code   RO         5759    .text               mf_w.l(ddiv.o)
    0x0800057a   0x0800057a   0x00000026   Code   RO         5763    .text               mf_w.l(f2d.o)
    0x080005a0   0x080005a0   0x0000002c   Code   RO         5781    .text               mc_w.l(uidiv.o)
    0x080005cc   0x080005cc   0x0000001e   Code   RO         5783    .text               mc_w.l(llshl.o)
    0x080005ea   0x080005ea   0x00000020   Code   RO         5785    .text               mc_w.l(llushr.o)
    0x0800060a   0x0800060a   0x00000024   Code   RO         5787    .text               mc_w.l(llsshr.o)
    0x0800062e   0x0800062e   0x00000000   Code   RO         5789    .text               mc_w.l(iusefp.o)
    0x0800062e   0x0800062e   0x000000ba   Code   RO         5792    .text               mf_w.l(depilogue.o)
    0x080006e8   0x080006e8   0x00000030   Code   RO         5794    .text               mf_w.l(dfixul.o)
    0x08000718   0x08000718   0x00000030   Code   RO         5796    .text               mf_w.l(cdrcmple.o)
    0x08000748   0x08000748   0x00000024   Code   RO         5798    .text               mc_w.l(init.o)
    0x0800076c   0x0800076c   0x00000128   Code   RO         1538    i.ADC_Init          stm32f4xx_hal_adc.o
    0x08000894   0x08000894   0x00000050   Code   RO          515    i.ASCII_8X16        gt30l32.o
    0x080008e4   0x080008e4   0x00000148   Code   RO          563    i.Accessibility_Menu  menu.o
    0x08000a2c   0x08000a2c   0x000000ac   Code   RO          564    i.BaselineLevel_Menu  menu.o
    0x08000ad8   0x08000ad8   0x00000074   Code   RO          565    i.BatteryLevel_Menu  menu.o
    0x08000b4c   0x08000b4c   0x00000002   Code   RO         1391    i.BusFault_Handler  stm32f4xx_it.o
    0x08000b4e   0x08000b4e   0x00000002   PAD
    0x08000b50   0x08000b50   0x000000d4   Code   RO           13    i.ChangeOneBlock    oled.o
    0x08000c24   0x08000c24   0x00000058   Code   RO           14    i.ChangeOneHaltBlock  oled.o
    0x08000c7c   0x08000c7c   0x00000030   Code   RO          847    i.CheckCrc8         sht30_i2c_drv.o
    0x08000cac   0x08000cac   0x000000b4   Code   RO          566    i.CommunData_Menu   menu.o
    0x08000d60   0x08000d60   0x000000e0   Code   RO          567    i.CumuMass_Menu     menu.o
    0x08000e40   0x08000e40   0x000000e0   Code   RO          568    i.CumuPart_Menu     menu.o
    0x08000f20   0x08000f20   0x00000002   Code   RO         1392    i.DebugMon_Handler  stm32f4xx_it.o
    0x08000f22   0x08000f22   0x00000002   PAD
    0x08000f24   0x08000f24   0x00000090   Code   RO          569    i.DefaultShow_Menu  menu.o
    0x08000fb4   0x08000fb4   0x0000011c   Code   RO          570    i.DiffMass_Menu     menu.o
    0x080010d0   0x080010d0   0x000000e0   Code   RO          571    i.DiffPart_Menu     menu.o
    0x080011b0   0x080011b0   0x00000006   Code   RO         1393    i.EXTI9_5_IRQHandler  stm32f4xx_it.o
    0x080011b6   0x080011b6   0x00000004   Code   RO          972    i.Error_Handler     main.o
    0x080011ba   0x080011ba   0x00000002   PAD
    0x080011bc   0x080011bc   0x00000088   Code   RO          516    i.GB2312_16X16      gt30l32.o
    0x08001244   0x08001244   0x00000028   Code   RO          517    i.GenitopZk_Address  gt30l32.o
    0x0800126c   0x0800126c   0x00000054   Code   RO          572    i.GetUsartBuf       menu.o
    0x080012c0   0x080012c0   0x0000014c   Code   RO         1540    i.HAL_ADC_ConfigChannel  stm32f4xx_hal_adc.o
    0x0800140c   0x0800140c   0x00000054   Code   RO         1549    i.HAL_ADC_Init      stm32f4xx_hal_adc.o
    0x08001460   0x08001460   0x00000060   Code   RO         1096    i.HAL_ADC_MspInit   adc.o
    0x080014c0   0x080014c0   0x00000092   Code   RO         2275    i.HAL_DMA_Abort     stm32f4xx_hal_dma.o
    0x08001552   0x08001552   0x00000024   Code   RO         2276    i.HAL_DMA_Abort_IT  stm32f4xx_hal_dma.o
    0x08001576   0x08001576   0x00000002   PAD
    0x08001578   0x08001578   0x00000024   Code   RO         2694    i.HAL_Delay         stm32f4xx_hal.o
    0x0800159c   0x0800159c   0x00000002   Code   RO          973    i.HAL_GPIO_EXTI_Callback  main.o
    0x0800159e   0x0800159e   0x00000002   PAD
    0x080015a0   0x080015a0   0x00000018   Code   RO         2167    i.HAL_GPIO_EXTI_IRQHandler  stm32f4xx_hal_gpio.o
    0x080015b8   0x080015b8   0x000001f0   Code   RO         2168    i.HAL_GPIO_Init     stm32f4xx_hal_gpio.o
    0x080017a8   0x080017a8   0x0000000a   Code   RO         2170    i.HAL_GPIO_ReadPin  stm32f4xx_hal_gpio.o
    0x080017b2   0x080017b2   0x0000000a   Code   RO         2172    i.HAL_GPIO_WritePin  stm32f4xx_hal_gpio.o
    0x080017bc   0x080017bc   0x0000000c   Code   RO         2700    i.HAL_GetTick       stm32f4xx_hal.o
    0x080017c8   0x080017c8   0x00000188   Code   RO         2956    i.HAL_I2C_Init      stm32f4xx_hal_i2c.o
    0x08001950   0x08001950   0x000001e0   Code   RO         2962    i.HAL_I2C_Master_Receive  stm32f4xx_hal_i2c.o
    0x08001b30   0x08001b30   0x0000012c   Code   RO         2969    i.HAL_I2C_Master_Transmit  stm32f4xx_hal_i2c.o
    0x08001c5c   0x08001c5c   0x000000e8   Code   RO         1143    i.HAL_I2C_MspInit   i2c.o
    0x08001d44   0x08001d44   0x00000010   Code   RO         2706    i.HAL_IncTick       stm32f4xx_hal.o
    0x08001d54   0x08001d54   0x00000034   Code   RO         2707    i.HAL_Init          stm32f4xx_hal.o
    0x08001d88   0x08001d88   0x00000040   Code   RO         2708    i.HAL_InitTick      stm32f4xx_hal.o
    0x08001dc8   0x08001dc8   0x00000030   Code   RO         1511    i.HAL_MspInit       stm32f4xx_hal_msp.o
    0x08001df8   0x08001df8   0x0000001a   Code   RO         2557    i.HAL_NVIC_EnableIRQ  stm32f4xx_hal_cortex.o
    0x08001e12   0x08001e12   0x00000002   PAD
    0x08001e14   0x08001e14   0x00000040   Code   RO         2563    i.HAL_NVIC_SetPriority  stm32f4xx_hal_cortex.o
    0x08001e54   0x08001e54   0x00000024   Code   RO         2564    i.HAL_NVIC_SetPriorityGrouping  stm32f4xx_hal_cortex.o
    0x08001e78   0x08001e78   0x0000013c   Code   RO         1919    i.HAL_RCCEx_PeriphCLKConfig  stm32f4xx_hal_rcc_ex.o
    0x08001fb4   0x08001fb4   0x00000134   Code   RO         1814    i.HAL_RCC_ClockConfig  stm32f4xx_hal_rcc.o
    0x080020e8   0x080020e8   0x00000020   Code   RO         1821    i.HAL_RCC_GetPCLK1Freq  stm32f4xx_hal_rcc.o
    0x08002108   0x08002108   0x00000020   Code   RO         1822    i.HAL_RCC_GetPCLK2Freq  stm32f4xx_hal_rcc.o
    0x08002128   0x08002128   0x00000060   Code   RO         1823    i.HAL_RCC_GetSysClockFreq  stm32f4xx_hal_rcc.o
    0x08002188   0x08002188   0x0000036c   Code   RO         1826    i.HAL_RCC_OscConfig  stm32f4xx_hal_rcc.o
    0x080024f4   0x080024f4   0x000000f4   Code   RO         3596    i.HAL_RTCEx_SetWakeUpTimer_IT  stm32f4xx_hal_rtc_ex.o
    0x080025e8   0x080025e8   0x00000002   Code   RO         3601    i.HAL_RTCEx_WakeUpTimerEventCallback  stm32f4xx_hal_rtc_ex.o
    0x080025ea   0x080025ea   0x00000002   PAD
    0x080025ec   0x080025ec   0x00000034   Code   RO         3602    i.HAL_RTCEx_WakeUpTimerIRQHandler  stm32f4xx_hal_rtc_ex.o
    0x08002620   0x08002620   0x00000044   Code   RO         3405    i.HAL_RTC_GetDate   stm32f4xx_hal_rtc.o
    0x08002664   0x08002664   0x00000054   Code   RO         3407    i.HAL_RTC_GetTime   stm32f4xx_hal_rtc.o
    0x080026b8   0x080026b8   0x0000008c   Code   RO         3408    i.HAL_RTC_Init      stm32f4xx_hal_rtc.o
    0x08002744   0x08002744   0x00000048   Code   RO         1191    i.HAL_RTC_MspInit   rtc.o
    0x0800278c   0x0800278c   0x00000098   Code   RO         3414    i.HAL_RTC_SetDate   stm32f4xx_hal_rtc.o
    0x08002824   0x08002824   0x000000c0   Code   RO         3415    i.HAL_RTC_SetTime   stm32f4xx_hal_rtc.o
    0x080028e4   0x080028e4   0x00000036   Code   RO         3416    i.HAL_RTC_WaitForSynchro  stm32f4xx_hal_rtc.o
    0x0800291a   0x0800291a   0x000000bc   Code   RO         3807    i.HAL_SPI_Init      stm32f4xx_hal_spi.o
    0x080029d6   0x080029d6   0x00000002   PAD
    0x080029d8   0x080029d8   0x0000006c   Code   RO         1233    i.HAL_SPI_MspInit   spi.o
    0x08002a44   0x08002a44   0x000001e2   Code   RO         3816    i.HAL_SPI_TransmitReceive  stm32f4xx_hal_spi.o
    0x08002c26   0x08002c26   0x00000018   Code   RO         2566    i.HAL_SYSTICK_CLKSourceConfig  stm32f4xx_hal_cortex.o
    0x08002c3e   0x08002c3e   0x00000028   Code   RO         2568    i.HAL_SYSTICK_Config  stm32f4xx_hal_cortex.o
    0x08002c66   0x08002c66   0x00000002   Code   RO         4824    i.HAL_TIMEx_BreakCallback  stm32f4xx_hal_tim_ex.o
    0x08002c68   0x08002c68   0x00000002   Code   RO         4825    i.HAL_TIMEx_CommutCallback  stm32f4xx_hal_tim_ex.o
    0x08002c6a   0x08002c6a   0x00000054   Code   RO         4827    i.HAL_TIMEx_ConfigBreakDeadTime  stm32f4xx_hal_tim_ex.o
    0x08002cbe   0x08002cbe   0x00000002   PAD
    0x08002cc0   0x08002cc0   0x00000090   Code   RO         4843    i.HAL_TIMEx_MasterConfigSynchronization  stm32f4xx_hal_tim_ex.o
    0x08002d50   0x08002d50   0x0000005a   Code   RO         4120    i.HAL_TIM_Base_Init  stm32f4xx_hal_tim.o
    0x08002daa   0x08002daa   0x00000002   PAD
    0x08002dac   0x08002dac   0x00000058   Code   RO         1275    i.HAL_TIM_Base_MspInit  tim.o
    0x08002e04   0x08002e04   0x00000080   Code   RO         4125    i.HAL_TIM_Base_Start_IT  stm32f4xx_hal_tim.o
    0x08002e84   0x08002e84   0x00000030   Code   RO         4128    i.HAL_TIM_Base_Stop_IT  stm32f4xx_hal_tim.o
    0x08002eb4   0x08002eb4   0x000000dc   Code   RO         4129    i.HAL_TIM_ConfigClockSource  stm32f4xx_hal_tim.o
    0x08002f90   0x08002f90   0x00000002   Code   RO         4154    i.HAL_TIM_IC_CaptureCallback  stm32f4xx_hal_tim.o
    0x08002f92   0x08002f92   0x00000166   Code   RO         4168    i.HAL_TIM_IRQHandler  stm32f4xx_hal_tim.o
    0x080030f8   0x080030f8   0x00000054   Code   RO         1276    i.HAL_TIM_MspPostInit  tim.o
    0x0800314c   0x0800314c   0x00000002   Code   RO         4171    i.HAL_TIM_OC_DelayElapsedCallback  stm32f4xx_hal_tim.o
    0x0800314e   0x0800314e   0x000000cc   Code   RO         4192    i.HAL_TIM_PWM_ConfigChannel  stm32f4xx_hal_tim.o
    0x0800321a   0x0800321a   0x0000005a   Code   RO         4195    i.HAL_TIM_PWM_Init  stm32f4xx_hal_tim.o
    0x08003274   0x08003274   0x00000002   Code   RO         4197    i.HAL_TIM_PWM_MspInit  stm32f4xx_hal_tim.o
    0x08003276   0x08003276   0x00000002   Code   RO         4198    i.HAL_TIM_PWM_PulseFinishedCallback  stm32f4xx_hal_tim.o
    0x08003278   0x08003278   0x000000c8   Code   RO         4200    i.HAL_TIM_PWM_Start  stm32f4xx_hal_tim.o
    0x08003340   0x08003340   0x00000068   Code   RO         1394    i.HAL_TIM_PeriodElapsedCallback  stm32f4xx_it.o
    0x080033a8   0x080033a8   0x00000002   Code   RO         4211    i.HAL_TIM_TriggerCallback  stm32f4xx_hal_tim.o
    0x080033aa   0x080033aa   0x00000002   Code   RO         5102    i.HAL_UARTEx_RxEventCallback  stm32f4xx_hal_uart.o
    0x080033ac   0x080033ac   0x00000002   Code   RO         5116    i.HAL_UART_ErrorCallback  stm32f4xx_hal_uart.o
    0x080033ae   0x080033ae   0x0000000a   Code   RO         5118    i.HAL_UART_GetState  stm32f4xx_hal_uart.o
    0x080033b8   0x080033b8   0x00000268   Code   RO         5119    i.HAL_UART_IRQHandler  stm32f4xx_hal_uart.o
    0x08003620   0x08003620   0x00000062   Code   RO         5120    i.HAL_UART_Init     stm32f4xx_hal_uart.o
    0x08003682   0x08003682   0x00000002   PAD
    0x08003684   0x08003684   0x0000007c   Code   RO         1329    i.HAL_UART_MspInit  usart.o
    0x08003700   0x08003700   0x0000002a   Code   RO         5125    i.HAL_UART_Receive_IT  stm32f4xx_hal_uart.o
    0x0800372a   0x0800372a   0x00000002   PAD
    0x0800372c   0x0800372c   0x00000058   Code   RO         1395    i.HAL_UART_RxCpltCallback  stm32f4xx_it.o
    0x08003784   0x08003784   0x00000002   Code   RO         5131    i.HAL_UART_TxCpltCallback  stm32f4xx_hal_uart.o
    0x08003786   0x08003786   0x00000002   Code   RO         1396    i.HardFault_Handler  stm32f4xx_it.o
    0x08003788   0x08003788   0x0000002e   Code   RO         2998    i.I2C_IsAcknowledgeFailed  stm32f4xx_hal_i2c.o
    0x080037b6   0x080037b6   0x00000002   PAD
    0x080037b8   0x080037b8   0x000000ec   Code   RO         3001    i.I2C_MasterRequestRead  stm32f4xx_hal_i2c.o
    0x080038a4   0x080038a4   0x0000009c   Code   RO         3002    i.I2C_MasterRequestWrite  stm32f4xx_hal_i2c.o
    0x08003940   0x08003940   0x0000004c   Code   RO         3013    i.I2C_WaitOnBTFFlagUntilTimeout  stm32f4xx_hal_i2c.o
    0x0800398c   0x0800398c   0x00000068   Code   RO         3014    i.I2C_WaitOnFlagUntilTimeout  stm32f4xx_hal_i2c.o
    0x080039f4   0x080039f4   0x00000096   Code   RO         3015    i.I2C_WaitOnMasterAddressFlagUntilTimeout  stm32f4xx_hal_i2c.o
    0x08003a8a   0x08003a8a   0x00000066   Code   RO         3016    i.I2C_WaitOnRXNEFlagUntilTimeout  stm32f4xx_hal_i2c.o
    0x08003af0   0x08003af0   0x0000004c   Code   RO         3017    i.I2C_WaitOnTXEFlagUntilTimeout  stm32f4xx_hal_i2c.o
    0x08003b3c   0x08003b3c   0x0000019c   Code   RO          445    i.KEY_Scan          key.o
    0x08003cd8   0x08003cd8   0x0000004c   Code   RO          573    i.Laser_Menu        menu.o
    0x08003d24   0x08003d24   0x00000078   Code   RO         1097    i.MX_ADC1_Init      adc.o
    0x08003d9c   0x08003d9c   0x00000158   Code   RO         1070    i.MX_GPIO_Init      gpio.o
    0x08003ef4   0x08003ef4   0x00000040   Code   RO         1144    i.MX_I2C1_Init      i2c.o
    0x08003f34   0x08003f34   0x00000040   Code   RO         1145    i.MX_I2C3_Init      i2c.o
    0x08003f74   0x08003f74   0x00000090   Code   RO         1192    i.MX_RTC_Init       rtc.o
    0x08004004   0x08004004   0x00000048   Code   RO         1234    i.MX_SPI3_Init      spi.o
    0x0800404c   0x0800404c   0x000000cc   Code   RO         1277    i.MX_TIM1_Init      tim.o
    0x08004118   0x08004118   0x00000064   Code   RO         1278    i.MX_TIM3_Init      tim.o
    0x0800417c   0x0800417c   0x00000038   Code   RO         1330    i.MX_USART1_UART_Init  usart.o
    0x080041b4   0x080041b4   0x00000180   Code   RO          574    i.MeaValue_Menu     menu.o
    0x08004334   0x08004334   0x00000002   Code   RO         1397    i.MemManage_Handler  stm32f4xx_it.o
    0x08004336   0x08004336   0x00000002   Code   RO         1398    i.NMI_Handler       stm32f4xx_it.o
    0x08004338   0x08004338   0x00000174   Code   RO           17    i.OLED_Init         oled.o
    0x080044ac   0x080044ac   0x00000038   Code   RO           18    i.OLED_SetPoint     oled.o
    0x080044e4   0x080044e4   0x0000002e   Code   RO           19    i.OLED_ShowAscilString  oled.o
    0x08004512   0x08004512   0x00000002   PAD
    0x08004514   0x08004514   0x00000050   Code   RO           20    i.OLED_ShowGB2312String  oled.o
    0x08004564   0x08004564   0x00000058   Code   RO           22    i.OLED_Show_Ascil   oled.o
    0x080045bc   0x080045bc   0x00000058   Code   RO           25    i.OLED_Show_GB2312  oled.o
    0x08004614   0x08004614   0x00000044   Code   RO          775    i.PID_init          pid.o
    0x08004658   0x08004658   0x00000002   Code   RO         1399    i.PendSV_Handler    stm32f4xx_it.o
    0x0800465a   0x0800465a   0x00000002   PAD
    0x0800465c   0x0800465c   0x000000ac   Code   RO          575    i.PumpSpeed_Menu    menu.o
    0x08004708   0x08004708   0x00000012   Code   RO         3417    i.RTC_Bcd2ToByte    stm32f4xx_hal_rtc.o
    0x0800471a   0x0800471a   0x00000018   Code   RO         3418    i.RTC_ByteToBcd2    stm32f4xx_hal_rtc.o
    0x08004732   0x08004732   0x00000002   PAD
    0x08004734   0x08004734   0x00000048   Code   RO         3419    i.RTC_EnterInitMode  stm32f4xx_hal_rtc.o
    0x0800477c   0x0800477c   0x0000002a   Code   RO         3420    i.RTC_ExitInitMode  stm32f4xx_hal_rtc.o
    0x080047a6   0x080047a6   0x00000002   PAD
    0x080047a8   0x080047a8   0x0000000c   Code   RO         1400    i.RTC_WKUP_IRQHandler  stm32f4xx_it.o
    0x080047b4   0x080047b4   0x000000d0   Code   RO           26    i.RowModeToColumMode  oled.o
    0x08004884   0x08004884   0x0000007c   Code   RO          848    i.SHT30_Dat_To_Float  sht30_i2c_drv.o
    0x08004900   0x08004900   0x00000024   Code   RO          850    i.SHT30_Read_Dat    sht30_i2c_drv.o
    0x08004924   0x08004924   0x0000002c   Code   RO          851    i.SHT30_Send_Cmd    sht30_i2c_drv.o
    0x08004950   0x08004950   0x00000020   Code   RO          518    i.SPI3_ReadWriteByte  gt30l32.o
    0x08004970   0x08004970   0x00000058   Code   RO         3845    i.SPI_EndRxTxTransaction  stm32f4xx_hal_spi.o
    0x080049c8   0x080049c8   0x000000b8   Code   RO         3850    i.SPI_WaitFlagStateUntilTimeout  stm32f4xx_hal_spi.o
    0x08004a80   0x08004a80   0x00000002   Code   RO         1401    i.SVC_Handler       stm32f4xx_it.o
    0x08004a82   0x08004a82   0x00000002   PAD
    0x08004a84   0x08004a84   0x00000090   Code   RO          576    i.SaveTime_Menu     menu.o
    0x08004b14   0x08004b14   0x0000015c   Code   RO          577    i.State_Menu        menu.o
    0x08004c70   0x08004c70   0x000001d0   Code   RO          578    i.SysState_Menu     menu.o
    0x08004e40   0x08004e40   0x00000004   Code   RO         1402    i.SysTick_Handler   stm32f4xx_it.o
    0x08004e44   0x08004e44   0x00000098   Code   RO          974    i.SystemClock_Config  main.o
    0x08004edc   0x08004edc   0x00000010   Code   RO         5449    i.SystemInit        system_stm32f4xx.o
    0x08004eec   0x08004eec   0x0000000c   Code   RO         1403    i.TIM3_IRQHandler   stm32f4xx_it.o
    0x08004ef8   0x08004ef8   0x000000c8   Code   RO         4213    i.TIM_Base_SetConfig  stm32f4xx_hal_tim.o
    0x08004fc0   0x08004fc0   0x0000001a   Code   RO         4214    i.TIM_CCxChannelCmd  stm32f4xx_hal_tim.o
    0x08004fda   0x08004fda   0x00000014   Code   RO         4224    i.TIM_ETR_SetConfig  stm32f4xx_hal_tim.o
    0x08004fee   0x08004fee   0x00000010   Code   RO         4225    i.TIM_ITRx_SetConfig  stm32f4xx_hal_tim.o
    0x08004ffe   0x08004ffe   0x00000002   PAD
    0x08005000   0x08005000   0x00000060   Code   RO         4226    i.TIM_OC1_SetConfig  stm32f4xx_hal_tim.o
    0x08005060   0x08005060   0x0000006c   Code   RO         4227    i.TIM_OC2_SetConfig  stm32f4xx_hal_tim.o
    0x080050cc   0x080050cc   0x00000068   Code   RO         4228    i.TIM_OC3_SetConfig  stm32f4xx_hal_tim.o
    0x08005134   0x08005134   0x00000050   Code   RO         4229    i.TIM_OC4_SetConfig  stm32f4xx_hal_tim.o
    0x08005184   0x08005184   0x00000022   Code   RO         4231    i.TIM_TI1_ConfigInputStage  stm32f4xx_hal_tim.o
    0x080051a6   0x080051a6   0x00000024   Code   RO         4233    i.TIM_TI2_ConfigInputStage  stm32f4xx_hal_tim.o
    0x080051ca   0x080051ca   0x00000002   PAD
    0x080051cc   0x080051cc   0x000001ec   Code   RO          579    i.TimeSet_Menu      menu.o
    0x080053b8   0x080053b8   0x00000010   Code   RO         5133    i.UART_DMAAbortOnError  stm32f4xx_hal_uart.o
    0x080053c8   0x080053c8   0x0000004e   Code   RO         5143    i.UART_EndRxTransfer  stm32f4xx_hal_uart.o
    0x08005416   0x08005416   0x000000c0   Code   RO         5145    i.UART_Receive_IT   stm32f4xx_hal_uart.o
    0x080054d6   0x080054d6   0x00000002   PAD
    0x080054d8   0x080054d8   0x0000010c   Code   RO         5146    i.UART_SetConfig    stm32f4xx_hal_uart.o
    0x080055e4   0x080055e4   0x0000003a   Code   RO         5148    i.UART_Start_Receive_IT  stm32f4xx_hal_uart.o
    0x0800561e   0x0800561e   0x00000002   PAD
    0x08005620   0x08005620   0x00000044   Code   RO         1404    i.USART1_IRQHandler  stm32f4xx_it.o
    0x08005664   0x08005664   0x000000a0   Code   RO          580    i.USARTBufferToD_data  menu.o
    0x08005704   0x08005704   0x00000002   Code   RO         1405    i.UsageFault_Handler  stm32f4xx_it.o
    0x08005706   0x08005706   0x00000002   PAD
    0x08005708   0x08005708   0x00000184   Code   RO          581    i.User_Menu         menu.o
    0x0800588c   0x0800588c   0x00000184   Code   RO          582    i.WarnningSet_Menu  menu.o
    0x08005a10   0x08005a10   0x00000084   Code   RO           27    i.Write_4spi_OLED_CMD  oled.o
    0x08005a94   0x08005a94   0x00000084   Code   RO           28    i.Write_4spi_OLED_DATA  oled.o
    0x08005b18   0x08005b18   0x00000028   Code   RO         5729    i.__0sprintf        mc_w.l(printfa.o)
    0x08005b40   0x08005b40   0x00000020   Code   RO         2570    i.__NVIC_SetPriority  stm32f4xx_hal_cortex.o
    0x08005b60   0x08005b60   0x0000000e   Code   RO         5802    i.__scatterload_copy  mc_w.l(handlers.o)
    0x08005b6e   0x08005b6e   0x00000002   Code   RO         5803    i.__scatterload_null  mc_w.l(handlers.o)
    0x08005b70   0x08005b70   0x0000000e   Code   RO         5804    i.__scatterload_zeroinit  mc_w.l(handlers.o)
    0x08005b7e   0x08005b7e   0x00000002   PAD
    0x08005b80   0x08005b80   0x00000184   Code   RO         5734    i._fp_digits        mc_w.l(printfa.o)
    0x08005d04   0x08005d04   0x000006dc   Code   RO         5735    i._printf_core      mc_w.l(printfa.o)
    0x080063e0   0x080063e0   0x00000024   Code   RO         5736    i._printf_post_padding  mc_w.l(printfa.o)
    0x08006404   0x08006404   0x0000002e   Code   RO         5737    i._printf_pre_padding  mc_w.l(printfa.o)
    0x08006432   0x08006432   0x0000000a   Code   RO         5739    i._sputc            mc_w.l(printfa.o)
    0x0800643c   0x0800643c   0x0000004a   Code   RO           29    i.clealddram        oled.o
    0x08006486   0x08006486   0x00000002   PAD
    0x08006488   0x08006488   0x00000014   Code   RO          287    i.delay_init        delay.o
    0x0800649c   0x0800649c   0x0000001a   Code   RO          288    i.delay_ms          delay.o
    0x080064b6   0x080064b6   0x00000002   PAD
    0x080064b8   0x080064b8   0x00000034   Code   RO          289    i.delay_us          delay.o
    0x080064ec   0x080064ec   0x000000a0   Code   RO          975    i.main              main.o
    0x0800658c   0x0800658c   0x0000017c   Code   RO          583    i.menu_run          menu.o
    0x08006708   0x08006708   0x00000010   Data   RO         5450    .constdata          system_stm32f4xx.o
    0x08006718   0x08006718   0x00000008   Data   RO         5451    .constdata          system_stm32f4xx.o
    0x08006720   0x08006720   0x00000020   Data   RO         5800    Region$$Table       anon$$obj.o


    Execution Region RW_IRAM1 (Exec base: 0x20000000, Load base: 0x08006740, Size: 0x00000780, Max: 0x0001c000, ABSOLUTE)

    Exec Addr    Load Addr    Size         Type   Attr      Idx    E Section Name        Object

    0x20000000   0x08006740   0x00000004   Data   RW          290    .data               delay.o
    0x20000004   0x08006744   0x00000001   Data   RW          446    .data               key.o
    0x20000005   0x08006745   0x00000001   PAD
    0x20000006   0x08006746   0x0000001a   Data   RW          585    .data               menu.o
    0x20000020   0x08006760   0x00000008   Data   RW         1407    .data               stm32f4xx_it.o
    0x20000028   0x08006768   0x0000000c   Data   RW         2714    .data               stm32f4xx_hal.o
    0x20000034   0x08006774   0x00000004   Data   RW         5452    .data               system_stm32f4xx.o
    0x20000038        -       0x00000020   Zero   RW          584    .bss                menu.o
    0x20000058        -       0x00000024   Zero   RW          777    .bss                pid.o
    0x2000007c        -       0x00000048   Zero   RW         1098    .bss                adc.o
    0x200000c4        -       0x000000a8   Zero   RW         1146    .bss                i2c.o
    0x2000016c        -       0x00000020   Zero   RW         1193    .bss                rtc.o
    0x2000018c        -       0x00000058   Zero   RW         1235    .bss                spi.o
    0x200001e4        -       0x00000090   Zero   RW         1279    .bss                tim.o
    0x20000274        -       0x00000044   Zero   RW         1333    .bss                usart.o
    0x200002b8        -       0x000000c8   Zero   RW         1406    .bss                stm32f4xx_it.o
    0x20000380        -       0x00000400   Zero   RW            1    STACK               startup_stm32f407xx.o


    Execution Region RW_IRAM2 (Exec base: 0x2001c000, Load base: 0x08006778, Size: 0x00000000, Max: 0x00004000, ABSOLUTE)

    **** No section assigned to this execution region ****


==============================================================================

Image component sizes


      Code (inc. data)   RO Data    RW Data    ZI Data      Debug   Object Name

       216         28          0          0         72       1737   adc.o
        98          8          0          4          0     744119   delay.o
       344         20          0          0          0       1127   gpio.o
       288         24          0          0          0       3123   gt30l32.o
       360         52          0          0        168       2426   i2c.o
       412         12          0          1          0        987   key.o
       318         34          0          0          0       5301   main.o
      5376       2394          0         26         32      16556   menu.o
      1576         28          0          0          0     698505   oled.o
        68         16          0          0         36       1073   pid.o
       216         16          0          0         32       1683   rtc.o
       252         26          0          0          0       3082   sht30_i2c_drv.o
       180         24          0          0         88       1705   spi.o
        36          8        392          0       1024        840   startup_stm32f407xx.o
       180         28          0         12          0       9441   stm32f4xx_hal.o
       712         28          0          0          0       2899   stm32f4xx_hal_adc.o
       222         14          0          0          0      34605   stm32f4xx_hal_cortex.o
       182          0          0          0          0       2111   stm32f4xx_hal_dma.o
       540         52          0          0          0       3498   stm32f4xx_hal_gpio.o
      2118         50          0          0          0      12626   stm32f4xx_hal_i2c.o
        48          6          0          0          0        862   stm32f4xx_hal_msp.o
      1344         72          0          0          0       5264   stm32f4xx_hal_rcc.o
       316         20          0          0          0       1400   stm32f4xx_hal_rcc_ex.o
       846         28          0          0          0       8195   stm32f4xx_hal_rtc.o
       298         14          0          0          0       2685   stm32f4xx_hal_rtc_ex.o
       942         12          0          0          0       4933   stm32f4xx_hal_spi.o
      2068        136          0          0          0      17593   stm32f4xx_hal_tim.o
       232         28          0          0          0       3293   stm32f4xx_hal_tim_ex.o
      1384         16          0          0          0       9900   stm32f4xx_hal_uart.o
       310         52          0          8        200       8423   stm32f4xx_it.o
        16          4         24          4          0       1139   system_stm32f4xx.o
       476         42          0          0        144       3261   tim.o
       180         22          0          0         68       4866   usart.o

    ----------------------------------------------------------------------
     22204       3314        448         56       1864    1619258   Object Totals
         0          0         32          0          0          0   (incl. Generated)
        50          0          0          1          0          0   (incl. Padding)

    ----------------------------------------------------------------------

      Code (inc. data)   RO Data    RW Data    ZI Data      Debug   Library Member Name

         0          0          0          0          0          0   entry.o
         0          0          0          0          0          0   entry10a.o
         0          0          0          0          0          0   entry11a.o
         8          4          0          0          0          0   entry2.o
         4          0          0          0          0          0   entry5.o
         0          0          0          0          0          0   entry7b.o
         0          0          0          0          0          0   entry8b.o
         8          4          0          0          0          0   entry9a.o
        30          0          0          0          0          0   handlers.o
        36          8          0          0          0         68   init.o
         0          0          0          0          0          0   iusefp.o
        30          0          0          0          0         68   llshl.o
        36          0          0          0          0         68   llsshr.o
        32          0          0          0          0         68   llushr.o
        36          0          0          0          0         68   memcpya.o
        36          0          0          0          0        108   memseta.o
      2276         86          0          0          0        520   printfa.o
        44          0          0          0          0         80   uidiv.o
        98          0          0          0          0         92   uldiv.o
        48          0          0          0          0         68   cdrcmple.o
       334          0          0          0          0        148   dadd.o
       222          0          0          0          0        100   ddiv.o
       186          0          0          0          0        176   depilogue.o
        48          0          0          0          0         68   dfixul.o
       228          0          0          0          0         96   dmul.o
        38          0          0          0          0         68   f2d.o

    ----------------------------------------------------------------------
      3780        102          0          0          0       1864   Library Totals
         2          0          0          0          0          0   (incl. Padding)

    ----------------------------------------------------------------------

      Code (inc. data)   RO Data    RW Data    ZI Data      Debug   Library Name

      2674        102          0          0          0       1140   mc_w.l
      1104          0          0          0          0        724   mf_w.l

    ----------------------------------------------------------------------
      3780        102          0          0          0       1864   Library Totals

    ----------------------------------------------------------------------

==============================================================================


      Code (inc. data)   RO Data    RW Data    ZI Data      Debug   

     25984       3416        448         56       1864    1603790   Grand Totals
     25984       3416        448         56       1864    1603790   ELF Image Totals
     25984       3416        448         56          0          0   ROM Totals

==============================================================================

    Total RO  Size (Code + RO Data)                26432 (  25.81kB)
    Total RW  Size (RW Data + ZI Data)              1920 (   1.88kB)
    Total ROM Size (Code + RO Data + RW Data)      26488 (  25.87kB)

==============================================================================

